
> nicaquizz-tests@1.0.0 test:run
> vitest run


[7m[1m[36m RUN [39m[22m[27m [36mv1.6.1[39m [90mC:/Users/ingga/OneDrive/Documentos/Nueva carpeta/Nicaquizz/test[39m

 [32m✓[39m e2e/flujos-nuevos.test.js [2m ([22m[2m20 tests[22m[2m)[22m[90m 23[2mms[22m[39m
 [32m✓[39m e2e/flujos.test.js [2m ([22m[2m14 tests[22m[2m)[22m[90m 24[2mms[22m[39m
 [32m✓[39m integracion/firestore.test.js [2m ([22m[2m20 tests[22m[2m)[22m[90m 25[2mms[22m[39m
 [32m✓[39m unitarios/constantes.test.js [2m ([22m[2m17 tests[22m[2m)[22m[90m 20[2mms[22m[39m
[90mstderr[2m | integracion/servicios-nuevos.test.js[2m > [22m[2mfirestore-extensions.js - Mapa de Conquista[2m > [22m[2mgetDepartments[2m > [22m[2mobtiene todos los departamentos ordenados[22m[39m
Error al obtener departamentos: ReferenceError: collection is not defined
    at Module.getDepartments (C:\Users\ingga\OneDrive\Documentos\Nueva carpeta\Nicaquizz\src\services\firestore-extensions.js:8:28)
    at [90mC:\Users\ingga\OneDrive\Documentos\Nueva carpeta\Nicaquizz\test\[39mintegracion\servicios-nuevos.test.js:62:28
    at [90mfile:///C:/Users/ingga/OneDrive/Documentos/Nueva%20carpeta/Nicaquizz/test/[39mnode_modules/[4m@vitest/runner[24m/dist/index.js:135:14
    at [90mfile:///C:/Users/ingga/OneDrive/Documentos/Nueva%20carpeta/Nicaquizz/test/[39mnode_modules/[4m@vitest/runner[24m/dist/index.js:60:26
    at runTest [90m(file:///C:/Users/ingga/OneDrive/Documentos/Nueva%20carpeta/Nicaquizz/test/[39mnode_modules/[4m@vitest/runner[24m/dist/index.js:781:17[90m)[39m
    at runSuite [90m(file:///C:/Users/ingga/OneDrive/Documentos/Nueva%20carpeta/Nicaquizz/test/[39mnode_modules/[4m@vitest/runner[24m/dist/index.js:909:15[90m)[39m
    at runSuite [90m(file:///C:/Users/ingga/OneDrive/Documentos/Nueva%20carpeta/Nicaquizz/test/[39mnode_modules/[4m@vitest/runner[24m/dist/index.js:909:15[90m)[39m
    at runSuite [90m(file:///C:/Users/ingga/OneDrive/Documentos/Nueva%20carpeta/Nicaquizz/test/[39mnode_modules/[4m@vitest/runner[24m/dist/index.js:909:15[90m)[39m
    at runFiles [90m(file:///C:/Users/ingga/OneDrive/Documentos/Nueva%20carpeta/Nicaquizz/test/[39mnode_modules/[4m@vitest/runner[24m/dist/index.js:958:5[90m)[39m
    at startTests [90m(file:///C:/Users/ingga/OneDrive/Documentos/Nueva%20carpeta/Nicaquizz/test/[39mnode_modules/[4m@vitest/runner[24m/dist/index.js:967:3[90m)[39m

[90mstderr[2m | integracion/servicios-nuevos.test.js[2m > [22m[2mfirestore-extensions.js - Mapa de Conquista[2m > [22m[2mgetDepartments[2m > [22m[2mmaneja errores al obtener departamentos[22m[39m
Error al obtener departamentos: ReferenceError: collection is not defined
    at Module.getDepartments (C:\Users\ingga\OneDrive\Documentos\Nueva carpeta\Nicaquizz\src\services\firestore-extensions.js:8:28)
    at [90mC:\Users\ingga\OneDrive\Documentos\Nueva carpeta\Nicaquizz\test\[39mintegracion\servicios-nuevos.test.js:75:20
    at [90mfile:///C:/Users/ingga/OneDrive/Documentos/Nueva%20carpeta/Nicaquizz/test/[39mnode_modules/[4m@vitest/runner[24m/dist/index.js:135:14
    at [90mfile:///C:/Users/ingga/OneDrive/Documentos/Nueva%20carpeta/Nicaquizz/test/[39mnode_modules/[4m@vitest/runner[24m/dist/index.js:60:26
    at runTest [90m(file:///C:/Users/ingga/OneDrive/Documentos/Nueva%20carpeta/Nicaquizz/test/[39mnode_modules/[4m@vitest/runner[24m/dist/index.js:781:17[90m)[39m
    at runSuite [90m(file:///C:/Users/ingga/OneDrive/Documentos/Nueva%20carpeta/Nicaquizz/test/[39mnode_modules/[4m@vitest/runner[24m/dist/index.js:909:15[90m)[39m
    at runSuite [90m(file:///C:/Users/ingga/OneDrive/Documentos/Nueva%20carpeta/Nicaquizz/test/[39mnode_modules/[4m@vitest/runner[24m/dist/index.js:909:15[90m)[39m
    at runSuite [90m(file:///C:/Users/ingga/OneDrive/Documentos/Nueva%20carpeta/Nicaquizz/test/[39mnode_modules/[4m@vitest/runner[24m/dist/index.js:909:15[90m)[39m
    at runFiles [90m(file:///C:/Users/ingga/OneDrive/Documentos/Nueva%20carpeta/Nicaquizz/test/[39mnode_modules/[4m@vitest/runner[24m/dist/index.js:958:5[90m)[39m
    at startTests [90m(file:///C:/Users/ingga/OneDrive/Documentos/Nueva%20carpeta/Nicaquizz/test/[39mnode_modules/[4m@vitest/runner[24m/dist/index.js:967:3[90m)[39m

[90mstderr[2m | integracion/servicios-nuevos.test.js[2m > [22m[2mfirestore-extensions.js - Mapa de Conquista[2m > [22m[2mgetDepartmentById[2m > [22m[2mobtiene un departamento por ID[22m[39m
Error al obtener departamento: ReferenceError: doc is not defined
    at Module.getDepartmentById (C:\Users\ingga\OneDrive\Documentos\Nueva carpeta\Nicaquizz\src\services\firestore-extensions.js:24:20)
    at [90mC:\Users\ingga\OneDrive\Documentos\Nueva carpeta\Nicaquizz\test\[39mintegracion\servicios-nuevos.test.js:95:28
    at [90mfile:///C:/Users/ingga/OneDrive/Documentos/Nueva%20carpeta/Nicaquizz/test/[39mnode_modules/[4m@vitest/runner[24m/dist/index.js:135:14
    at [90mfile:///C:/Users/ingga/OneDrive/Documentos/Nueva%20carpeta/Nicaquizz/test/[39mnode_modules/[4m@vitest/runner[24m/dist/index.js:60:26
    at runTest [90m(file:///C:/Users/ingga/OneDrive/Documentos/Nueva%20carpeta/Nicaquizz/test/[39mnode_modules/[4m@vitest/runner[24m/dist/index.js:781:17[90m)[39m
    at runSuite [90m(file:///C:/Users/ingga/OneDrive/Documentos/Nueva%20carpeta/Nicaquizz/test/[39mnode_modules/[4m@vitest/runner[24m/dist/index.js:909:15[90m)[39m
    at runSuite [90m(file:///C:/Users/ingga/OneDrive/Documentos/Nueva%20carpeta/Nicaquizz/test/[39mnode_modules/[4m@vitest/runner[24m/dist/index.js:909:15[90m)[39m
    at runSuite [90m(file:///C:/Users/ingga/OneDrive/Documentos/Nueva%20carpeta/Nicaquizz/test/[39mnode_modules/[4m@vitest/runner[24m/dist/index.js:909:15[90m)[39m
    at runFiles [90m(file:///C:/Users/ingga/OneDrive/Documentos/Nueva%20carpeta/Nicaquizz/test/[39mnode_modules/[4m@vitest/runner[24m/dist/index.js:958:5[90m)[39m
    at startTests [90m(file:///C:/Users/ingga/OneDrive/Documentos/Nueva%20carpeta/Nicaquizz/test/[39mnode_modules/[4m@vitest/runner[24m/dist/index.js:967:3[90m)[39m

[90mstderr[2m | integracion/servicios-nuevos.test.js[2m > [22m[2mfirestore-extensions.js - Mapa de Conquista[2m > [22m[2mgetDepartmentById[2m > [22m[2mretorna null si el departamento no existe[22m[39m
Error al obtener departamento: ReferenceError: doc is not defined
    at Module.getDepartmentById (C:\Users\ingga\OneDrive\Documentos\Nueva carpeta\Nicaquizz\src\services\firestore-extensions.js:24:20)
    at [90mC:\Users\ingga\OneDrive\Documentos\Nueva carpeta\Nicaquizz\test\[39mintegracion\servicios-nuevos.test.js:107:28
    at [90mfile:///C:/Users/ingga/OneDrive/Documentos/Nueva%20carpeta/Nicaquizz/test/[39mnode_modules/[4m@vitest/runner[24m/dist/index.js:135:14
    at [90mfile:///C:/Users/ingga/OneDrive/Documentos/Nueva%20carpeta/Nicaquizz/test/[39mnode_modules/[4m@vitest/runner[24m/dist/index.js:60:26
    at runTest [90m(file:///C:/Users/ingga/OneDrive/Documentos/Nueva%20carpeta/Nicaquizz/test/[39mnode_modules/[4m@vitest/runner[24m/dist/index.js:781:17[90m)[39m
    at runSuite [90m(file:///C:/Users/ingga/OneDrive/Documentos/Nueva%20carpeta/Nicaquizz/test/[39mnode_modules/[4m@vitest/runner[24m/dist/index.js:909:15[90m)[39m
    at runSuite [90m(file:///C:/Users/ingga/OneDrive/Documentos/Nueva%20carpeta/Nicaquizz/test/[39mnode_modules/[4m@vitest/runner[24m/dist/index.js:909:15[90m)[39m
    at runSuite [90m(file:///C:/Users/ingga/OneDrive/Documentos/Nueva%20carpeta/Nicaquizz/test/[39mnode_modules/[4m@vitest/runner[24m/dist/index.js:909:15[90m)[39m
    at runFiles [90m(file:///C:/Users/ingga/OneDrive/Documentos/Nueva%20carpeta/Nicaquizz/test/[39mnode_modules/[4m@vitest/runner[24m/dist/index.js:958:5[90m)[39m
    at startTests [90m(file:///C:/Users/ingga/OneDrive/Documentos/Nueva%20carpeta/Nicaquizz/test/[39mnode_modules/[4m@vitest/runner[24m/dist/index.js:967:3[90m)[39m

[90mstderr[2m | integracion/servicios-nuevos.test.js[2m > [22m[2mfirestore-extensions.js - Mapa de Conquista[2m > [22m[2mgetRegionalLeaders[2m > [22m[2mobtiene todos los líderes activos[22m[39m
Error al obtener líderes regionales: ReferenceError: collection is not defined
    at Module.getRegionalLeaders (C:\Users\ingga\OneDrive\Documentos\Nueva carpeta\Nicaquizz\src\services\firestore-extensions.js:42:24)
    at [90mC:\Users\ingga\OneDrive\Documentos\Nueva carpeta\Nicaquizz\test\[39mintegracion\servicios-nuevos.test.js:130:28
    at [90mfile:///C:/Users/ingga/OneDrive/Documentos/Nueva%20carpeta/Nicaquizz/test/[39mnode_modules/[4m@vitest/runner[24m/dist/index.js:135:14
    at [90mfile:///C:/Users/ingga/OneDrive/Documentos/Nueva%20carpeta/Nicaquizz/test/[39mnode_modules/[4m@vitest/runner[24m/dist/index.js:60:26
    at runTest [90m(file:///C:/Users/ingga/OneDrive/Documentos/Nueva%20carpeta/Nicaquizz/test/[39mnode_modules/[4m@vitest/runner[24m/dist/index.js:781:17[90m)[39m
    at runSuite [90m(file:///C:/Users/ingga/OneDrive/Documentos/Nueva%20carpeta/Nicaquizz/test/[39mnode_modules/[4m@vitest/runner[24m/dist/index.js:909:15[90m)[39m
    at runSuite [90m(file:///C:/Users/ingga/OneDrive/Documentos/Nueva%20carpeta/Nicaquizz/test/[39mnode_modules/[4m@vitest/runner[24m/dist/index.js:909:15[90m)[39m
    at runSuite [90m(file:///C:/Users/ingga/OneDrive/Documentos/Nueva%20carpeta/Nicaquizz/test/[39mnode_modules/[4m@vitest/runner[24m/dist/index.js:909:15[90m)[39m
    at runFiles [90m(file:///C:/Users/ingga/OneDrive/Documentos/Nueva%20carpeta/Nicaquizz/test/[39mnode_modules/[4m@vitest/runner[24m/dist/index.js:958:5[90m)[39m
    at startTests [90m(file:///C:/Users/ingga/OneDrive/Documentos/Nueva%20carpeta/Nicaquizz/test/[39mnode_modules/[4m@vitest/runner[24m/dist/index.js:967:3[90m)[39m

[90mstderr[2m | integracion/servicios-nuevos.test.js[2m > [22m[2mfirestore-extensions.js - Mapa de Conquista[2m > [22m[2mgetRegionalLeaders[2m > [22m[2mobtiene líderes de un departamento específico[22m[39m
Error al obtener líderes regionales: ReferenceError: collection is not defined
    at Module.getRegionalLeaders (C:\Users\ingga\OneDrive\Documentos\Nueva carpeta\Nicaquizz\src\services\firestore-extensions.js:42:24)
    at [90mC:\Users\ingga\OneDrive\Documentos\Nueva carpeta\Nicaquizz\test\[39mintegracion\servicios-nuevos.test.js:151:28
    at [90mfile:///C:/Users/ingga/OneDrive/Documentos/Nueva%20carpeta/Nicaquizz/test/[39mnode_modules/[4m@vitest/runner[24m/dist/index.js:135:14
    at [90mfile:///C:/Users/ingga/OneDrive/Documentos/Nueva%20carpeta/Nicaquizz/test/[39mnode_modules/[4m@vitest/runner[24m/dist/index.js:60:26
    at runTest [90m(file:///C:/Users/ingga/OneDrive/Documentos/Nueva%20carpeta/Nicaquizz/test/[39mnode_modules/[4m@vitest/runner[24m/dist/index.js:781:17[90m)[39m
    at runSuite [90m(file:///C:/Users/ingga/OneDrive/Documentos/Nueva%20carpeta/Nicaquizz/test/[39mnode_modules/[4m@vitest/runner[24m/dist/index.js:909:15[90m)[39m
    at runSuite [90m(file:///C:/Users/ingga/OneDrive/Documentos/Nueva%20carpeta/Nicaquizz/test/[39mnode_modules/[4m@vitest/runner[24m/dist/index.js:909:15[90m)[39m
    at runSuite [90m(file:///C:/Users/ingga/OneDrive/Documentos/Nueva%20carpeta/Nicaquizz/test/[39mnode_modules/[4m@vitest/runner[24m/dist/index.js:909:15[90m)[39m
    at runFiles [90m(file:///C:/Users/ingga/OneDrive/Documentos/Nueva%20carpeta/Nicaquizz/test/[39mnode_modules/[4m@vitest/runner[24m/dist/index.js:958:5[90m)[39m
    at startTests [90m(file:///C:/Users/ingga/OneDrive/Documentos/Nueva%20carpeta/Nicaquizz/test/[39mnode_modules/[4m@vitest/runner[24m/dist/index.js:967:3[90m)[39m

[90mstderr[2m | integracion/servicios-nuevos.test.js[2m > [22m[2mfirestore-extensions.js - Mapa de Conquista[2m > [22m[2mgetUserConquestProgress[2m > [22m[2mobtiene el progreso de conquista del usuario[22m[39m
Error al obtener progreso de conquista: ReferenceError: doc is not defined
    at Module.getUserConquestProgress (C:\Users\ingga\OneDrive\Documentos\Nueva carpeta\Nicaquizz\src\services\firestore-extensions.js:62:21)
    at [90mC:\Users\ingga\OneDrive\Documentos\Nueva carpeta\Nicaquizz\test\[39mintegracion\servicios-nuevos.test.js:172:28
    at [90mfile:///C:/Users/ingga/OneDrive/Documentos/Nueva%20carpeta/Nicaquizz/test/[39mnode_modules/[4m@vitest/runner[24m/dist/index.js:135:14
    at [90mfile:///C:/Users/ingga/OneDrive/Documentos/Nueva%20carpeta/Nicaquizz/test/[39mnode_modules/[4m@vitest/runner[24m/dist/index.js:60:26
    at runTest [90m(file:///C:/Users/ingga/OneDrive/Documentos/Nueva%20carpeta/Nicaquizz/test/[39mnode_modules/[4m@vitest/runner[24m/dist/index.js:781:17[90m)[39m
    at runSuite [90m(file:///C:/Users/ingga/OneDrive/Documentos/Nueva%20carpeta/Nicaquizz/test/[39mnode_modules/[4m@vitest/runner[24m/dist/index.js:909:15[90m)[39m
    at runSuite [90m(file:///C:/Users/ingga/OneDrive/Documentos/Nueva%20carpeta/Nicaquizz/test/[39mnode_modules/[4m@vitest/runner[24m/dist/index.js:909:15[90m)[39m
    at runSuite [90m(file:///C:/Users/ingga/OneDrive/Documentos/Nueva%20carpeta/Nicaquizz/test/[39mnode_modules/[4m@vitest/runner[24m/dist/index.js:909:15[90m)[39m
    at runFiles [90m(file:///C:/Users/ingga/OneDrive/Documentos/Nueva%20carpeta/Nicaquizz/test/[39mnode_modules/[4m@vitest/runner[24m/dist/index.js:958:5[90m)[39m
    at startTests [90m(file:///C:/Users/ingga/OneDrive/Documentos/Nueva%20carpeta/Nicaquizz/test/[39mnode_modules/[4m@vitest/runner[24m/dist/index.js:967:3[90m)[39m

[90mstderr[2m | integracion/servicios-nuevos.test.js[2m > [22m[2mfirestore-extensions.js - Mapa de Conquista[2m > [22m[2mgetUserConquestProgress[2m > [22m[2mretorna valores por defecto si no hay progreso[22m[39m
Error al obtener progreso de conquista: ReferenceError: doc is not defined
    at Module.getUserConquestProgress (C:\Users\ingga\OneDrive\Documentos\Nueva carpeta\Nicaquizz\src\services\firestore-extensions.js:62:21)
    at [90mC:\Users\ingga\OneDrive\Documentos\Nueva carpeta\Nicaquizz\test\[39mintegracion\servicios-nuevos.test.js:185:28
    at [90mfile:///C:/Users/ingga/OneDrive/Documentos/Nueva%20carpeta/Nicaquizz/test/[39mnode_modules/[4m@vitest/runner[24m/dist/index.js:135:14
    at [90mfile:///C:/Users/ingga/OneDrive/Documentos/Nueva%20carpeta/Nicaquizz/test/[39mnode_modules/[4m@vitest/runner[24m/dist/index.js:60:26
    at runTest [90m(file:///C:/Users/ingga/OneDrive/Documentos/Nueva%20carpeta/Nicaquizz/test/[39mnode_modules/[4m@vitest/runner[24m/dist/index.js:781:17[90m)[39m
    at runSuite [90m(file:///C:/Users/ingga/OneDrive/Documentos/Nueva%20carpeta/Nicaquizz/test/[39mnode_modules/[4m@vitest/runner[24m/dist/index.js:909:15[90m)[39m
    at runSuite [90m(file:///C:/Users/ingga/OneDrive/Documentos/Nueva%20carpeta/Nicaquizz/test/[39mnode_modules/[4m@vitest/runner[24m/dist/index.js:909:15[90m)[39m
    at runSuite [90m(file:///C:/Users/ingga/OneDrive/Documentos/Nueva%20carpeta/Nicaquizz/test/[39mnode_modules/[4m@vitest/runner[24m/dist/index.js:909:15[90m)[39m
    at runFiles [90m(file:///C:/Users/ingga/OneDrive/Documentos/Nueva%20carpeta/Nicaquizz/test/[39mnode_modules/[4m@vitest/runner[24m/dist/index.js:958:5[90m)[39m
    at startTests [90m(file:///C:/Users/ingga/OneDrive/Documentos/Nueva%20carpeta/Nicaquizz/test/[39mnode_modules/[4m@vitest/runner[24m/dist/index.js:967:3[90m)[39m

[90mstderr[2m | integracion/servicios-nuevos.test.js[2m > [22m[2mfirestore-extensions.js - Mapa de Conquista[2m > [22m[2mgetUserConquestProgress[2m > [22m[2mmaneja usuario inexistente[22m[39m
Error al obtener progreso de conquista: ReferenceError: doc is not defined
    at Module.getUserConquestProgress (C:\Users\ingga\OneDrive\Documentos\Nueva carpeta\Nicaquizz\src\services\firestore-extensions.js:62:21)
    at [90mC:\Users\ingga\OneDrive\Documentos\Nueva carpeta\Nicaquizz\test\[39mintegracion\servicios-nuevos.test.js:197:28
    at [90mfile:///C:/Users/ingga/OneDrive/Documentos/Nueva%20carpeta/Nicaquizz/test/[39mnode_modules/[4m@vitest/runner[24m/dist/index.js:135:14
    at [90mfile:///C:/Users/ingga/OneDrive/Documentos/Nueva%20carpeta/Nicaquizz/test/[39mnode_modules/[4m@vitest/runner[24m/dist/index.js:60:26
    at runTest [90m(file:///C:/Users/ingga/OneDrive/Documentos/Nueva%20carpeta/Nicaquizz/test/[39mnode_modules/[4m@vitest/runner[24m/dist/index.js:781:17[90m)[39m
    at runSuite [90m(file:///C:/Users/ingga/OneDrive/Documentos/Nueva%20carpeta/Nicaquizz/test/[39mnode_modules/[4m@vitest/runner[24m/dist/index.js:909:15[90m)[39m
    at runSuite [90m(file:///C:/Users/ingga/OneDrive/Documentos/Nueva%20carpeta/Nicaquizz/test/[39mnode_modules/[4m@vitest/runner[24m/dist/index.js:909:15[90m)[39m
    at runSuite [90m(file:///C:/Users/ingga/OneDrive/Documentos/Nueva%20carpeta/Nicaquizz/test/[39mnode_modules/[4m@vitest/runner[24m/dist/index.js:909:15[90m)[39m
    at runFiles [90m(file:///C:/Users/ingga/OneDrive/Documentos/Nueva%20carpeta/Nicaquizz/test/[39mnode_modules/[4m@vitest/runner[24m/dist/index.js:958:5[90m)[39m
    at startTests [90m(file:///C:/Users/ingga/OneDrive/Documentos/Nueva%20carpeta/Nicaquizz/test/[39mnode_modules/[4m@vitest/runner[24m/dist/index.js:967:3[90m)[39m

[90mstderr[2m | integracion/servicios-nuevos.test.js[2m > [22m[2mfirestore-extensions.js - Mapa de Conquista[2m > [22m[2mupdateUserConquestProgress[2m > [22m[2mactualiza el progreso de conquista[22m[39m
Error al actualizar progreso de conquista: ReferenceError: doc is not defined
    at Module.updateUserConquestProgress (C:\Users\ingga\OneDrive\Documentos\Nueva carpeta\Nicaquizz\src\services\firestore-extensions.js:85:21)
    at [90mC:\Users\ingga\OneDrive\Documentos\Nueva carpeta\Nicaquizz\test\[39mintegracion\servicios-nuevos.test.js:212:28
    at [90mfile:///C:/Users/ingga/OneDrive/Documentos/Nueva%20carpeta/Nicaquizz/test/[39mnode_modules/[4m@vitest/runner[24m/dist/index.js:135:14
    at [90mfile:///C:/Users/ingga/OneDrive/Documentos/Nueva%20carpeta/Nicaquizz/test/[39mnode_modules/[4m@vitest/runner[24m/dist/index.js:60:26
    at runTest [90m(file:///C:/Users/ingga/OneDrive/Documentos/Nueva%20carpeta/Nicaquizz/test/[39mnode_modules/[4m@vitest/runner[24m/dist/index.js:781:17[90m)[39m
    at runSuite [90m(file:///C:/Users/ingga/OneDrive/Documentos/Nueva%20carpeta/Nicaquizz/test/[39mnode_modules/[4m@vitest/runner[24m/dist/index.js:909:15[90m)[39m
    at runSuite [90m(file:///C:/Users/ingga/OneDrive/Documentos/Nueva%20carpeta/Nicaquizz/test/[39mnode_modules/[4m@vitest/runner[24m/dist/index.js:909:15[90m)[39m
    at runSuite [90m(file:///C:/Users/ingga/OneDrive/Documentos/Nueva%20carpeta/Nicaquizz/test/[39mnode_modules/[4m@vitest/runner[24m/dist/index.js:909:15[90m)[39m
    at runFiles [90m(file:///C:/Users/ingga/OneDrive/Documentos/Nueva%20carpeta/Nicaquizz/test/[39mnode_modules/[4m@vitest/runner[24m/dist/index.js:958:5[90m)[39m
    at startTests [90m(file:///C:/Users/ingga/OneDrive/Documentos/Nueva%20carpeta/Nicaquizz/test/[39mnode_modules/[4m@vitest/runner[24m/dist/index.js:967:3[90m)[39m

[90mstderr[2m | integracion/servicios-nuevos.test.js[2m > [22m[2mfirestore-extensions.js - Mapa de Conquista[2m > [22m[2mupdateUserConquestProgress[2m > [22m[2mmaneja errores al actualizar progreso[22m[39m
Error al actualizar progreso de conquista: ReferenceError: doc is not defined
    at Module.updateUserConquestProgress (C:\Users\ingga\OneDrive\Documentos\Nueva carpeta\Nicaquizz\src\services\firestore-extensions.js:85:21)
    at [90mC:\Users\ingga\OneDrive\Documentos\Nueva carpeta\Nicaquizz\test\[39mintegracion\servicios-nuevos.test.js:222:20
    at [90mfile:///C:/Users/ingga/OneDrive/Documentos/Nueva%20carpeta/Nicaquizz/test/[39mnode_modules/[4m@vitest/runner[24m/dist/index.js:135:14
    at [90mfile:///C:/Users/ingga/OneDrive/Documentos/Nueva%20carpeta/Nicaquizz/test/[39mnode_modules/[4m@vitest/runner[24m/dist/index.js:60:26
    at runTest [90m(file:///C:/Users/ingga/OneDrive/Documentos/Nueva%20carpeta/Nicaquizz/test/[39mnode_modules/[4m@vitest/runner[24m/dist/index.js:781:17[90m)[39m
    at runSuite [90m(file:///C:/Users/ingga/OneDrive/Documentos/Nueva%20carpeta/Nicaquizz/test/[39mnode_modules/[4m@vitest/runner[24m/dist/index.js:909:15[90m)[39m
    at runSuite [90m(file:///C:/Users/ingga/OneDrive/Documentos/Nueva%20carpeta/Nicaquizz/test/[39mnode_modules/[4m@vitest/runner[24m/dist/index.js:909:15[90m)[39m
    at runSuite [90m(file:///C:/Users/ingga/OneDrive/Documentos/Nueva%20carpeta/Nicaquizz/test/[39mnode_modules/[4m@vitest/runner[24m/dist/index.js:909:15[90m)[39m
    at runFiles [90m(file:///C:/Users/ingga/OneDrive/Documentos/Nueva%20carpeta/Nicaquizz/test/[39mnode_modules/[4m@vitest/runner[24m/dist/index.js:958:5[90m)[39m
    at startTests [90m(file:///C:/Users/ingga/OneDrive/Documentos/Nueva%20carpeta/Nicaquizz/test/[39mnode_modules/[4m@vitest/runner[24m/dist/index.js:967:3[90m)[39m

[90mstderr[2m | integracion/servicios-nuevos.test.js[2m > [22m[2mfirestore-extensions.js - Notificaciones[2m > [22m[2mgetUserNotifications[2m > [22m[2mobtiene notificaciones del usuario ordenadas por fecha[22m[39m
Error al obtener notificaciones: ReferenceError: collection is not defined
    at Module.getUserNotifications (C:\Users\ingga\OneDrive\Documentos\Nueva carpeta\Nicaquizz\src\services\firestore-extensions.js:106:30)
    at [90mC:\Users\ingga\OneDrive\Documentos\Nueva carpeta\Nicaquizz\test\[39mintegracion\servicios-nuevos.test.js:248:28
    at [90mfile:///C:/Users/ingga/OneDrive/Documentos/Nueva%20carpeta/Nicaquizz/test/[39mnode_modules/[4m@vitest/runner[24m/dist/index.js:135:14
    at [90mfile:///C:/Users/ingga/OneDrive/Documentos/Nueva%20carpeta/Nicaquizz/test/[39mnode_modules/[4m@vitest/runner[24m/dist/index.js:60:26
    at runTest [90m(file:///C:/Users/ingga/OneDrive/Documentos/Nueva%20carpeta/Nicaquizz/test/[39mnode_modules/[4m@vitest/runner[24m/dist/index.js:781:17[90m)[39m
    at runSuite [90m(file:///C:/Users/ingga/OneDrive/Documentos/Nueva%20carpeta/Nicaquizz/test/[39mnode_modules/[4m@vitest/runner[24m/dist/index.js:909:15[90m)[39m
    at runSuite [90m(file:///C:/Users/ingga/OneDrive/Documentos/Nueva%20carpeta/Nicaquizz/test/[39mnode_modules/[4m@vitest/runner[24m/dist/index.js:909:15[90m)[39m
    at runSuite [90m(file:///C:/Users/ingga/OneDrive/Documentos/Nueva%20carpeta/Nicaquizz/test/[39mnode_modules/[4m@vitest/runner[24m/dist/index.js:909:15[90m)[39m
    at runFiles [90m(file:///C:/Users/ingga/OneDrive/Documentos/Nueva%20carpeta/Nicaquizz/test/[39mnode_modules/[4m@vitest/runner[24m/dist/index.js:958:5[90m)[39m
    at startTests [90m(file:///C:/Users/ingga/OneDrive/Documentos/Nueva%20carpeta/Nicaquizz/test/[39mnode_modules/[4m@vitest/runner[24m/dist/index.js:967:3[90m)[39m

[90mstderr[2m | integracion/servicios-nuevos.test.js[2m > [22m[2mfirestore-extensions.js - Notificaciones[2m > [22m[2mgetUserNotifications[2m > [22m[2mlimita el número de notificaciones[22m[39m
Error al obtener notificaciones: ReferenceError: collection is not defined
    at Module.getUserNotifications (C:\Users\ingga\OneDrive\Documentos\Nueva carpeta\Nicaquizz\src\services\firestore-extensions.js:106:30)
    at [90mC:\Users\ingga\OneDrive\Documentos\Nueva carpeta\Nicaquizz\test\[39mintegracion\servicios-nuevos.test.js:262:13
    at [90mfile:///C:/Users/ingga/OneDrive/Documentos/Nueva%20carpeta/Nicaquizz/test/[39mnode_modules/[4m@vitest/runner[24m/dist/index.js:135:14
    at [90mfile:///C:/Users/ingga/OneDrive/Documentos/Nueva%20carpeta/Nicaquizz/test/[39mnode_modules/[4m@vitest/runner[24m/dist/index.js:60:26
    at runTest [90m(file:///C:/Users/ingga/OneDrive/Documentos/Nueva%20carpeta/Nicaquizz/test/[39mnode_modules/[4m@vitest/runner[24m/dist/index.js:781:17[90m)[39m
    at runSuite [90m(file:///C:/Users/ingga/OneDrive/Documentos/Nueva%20carpeta/Nicaquizz/test/[39mnode_modules/[4m@vitest/runner[24m/dist/index.js:909:15[90m)[39m
    at runSuite [90m(file:///C:/Users/ingga/OneDrive/Documentos/Nueva%20carpeta/Nicaquizz/test/[39mnode_modules/[4m@vitest/runner[24m/dist/index.js:909:15[90m)[39m
    at runSuite [90m(file:///C:/Users/ingga/OneDrive/Documentos/Nueva%20carpeta/Nicaquizz/test/[39mnode_modules/[4m@vitest/runner[24m/dist/index.js:909:15[90m)[39m
    at runFiles [90m(file:///C:/Users/ingga/OneDrive/Documentos/Nueva%20carpeta/Nicaquizz/test/[39mnode_modules/[4m@vitest/runner[24m/dist/index.js:958:5[90m)[39m
    at startTests [90m(file:///C:/Users/ingga/OneDrive/Documentos/Nueva%20carpeta/Nicaquizz/test/[39mnode_modules/[4m@vitest/runner[24m/dist/index.js:967:3[90m)[39m

[90mstderr[2m | integracion/servicios-nuevos.test.js[2m > [22m[2mfirestore-extensions.js - Notificaciones[2m > [22m[2mcreateNotification[2m > [22m[2mcrea una notificación correctamente[22m[39m
Error al crear notificación: ReferenceError: collection is not defined
    at Module.createNotification (C:\Users\ingga\OneDrive\Documentos\Nueva carpeta\Nicaquizz\src\services\firestore-extensions.js:127:30)
    at [90mC:\Users\ingga\OneDrive\Documentos\Nueva carpeta\Nicaquizz\test\[39mintegracion\servicios-nuevos.test.js:274:28
    at [90mfile:///C:/Users/ingga/OneDrive/Documentos/Nueva%20carpeta/Nicaquizz/test/[39mnode_modules/[4m@vitest/runner[24m/dist/index.js:135:14
    at [90mfile:///C:/Users/ingga/OneDrive/Documentos/Nueva%20carpeta/Nicaquizz/test/[39mnode_modules/[4m@vitest/runner[24m/dist/index.js:60:26
    at runTest [90m(file:///C:/Users/ingga/OneDrive/Documentos/Nueva%20carpeta/Nicaquizz/test/[39mnode_modules/[4m@vitest/runner[24m/dist/index.js:781:17[90m)[39m
    at runSuite [90m(file:///C:/Users/ingga/OneDrive/Documentos/Nueva%20carpeta/Nicaquizz/test/[39mnode_modules/[4m@vitest/runner[24m/dist/index.js:909:15[90m)[39m
    at runSuite [90m(file:///C:/Users/ingga/OneDrive/Documentos/Nueva%20carpeta/Nicaquizz/test/[39mnode_modules/[4m@vitest/runner[24m/dist/index.js:909:15[90m)[39m
    at runSuite [90m(file:///C:/Users/ingga/OneDrive/Documentos/Nueva%20carpeta/Nicaquizz/test/[39mnode_modules/[4m@vitest/runner[24m/dist/index.js:909:15[90m)[39m
    at runFiles [90m(file:///C:/Users/ingga/OneDrive/Documentos/Nueva%20carpeta/Nicaquizz/test/[39mnode_modules/[4m@vitest/runner[24m/dist/index.js:958:5[90m)[39m
    at startTests [90m(file:///C:/Users/ingga/OneDrive/Documentos/Nueva%20carpeta/Nicaquizz/test/[39mnode_modules/[4m@vitest/runner[24m/dist/index.js:967:3[90m)[39m

[90mstderr[2m | integracion/servicios-nuevos.test.js[2m > [22m[2mfirestore-extensions.js - Notificaciones[2m > [22m[2mcreateNotification[2m > [22m[2mcrea notificación sin datos adicionales[22m[39m
Error al crear notificación: ReferenceError: collection is not defined
    at Module.createNotification (C:\Users\ingga\OneDrive\Documentos\Nueva carpeta\Nicaquizz\src\services\firestore-extensions.js:127:30)
    at [90mC:\Users\ingga\OneDrive\Documentos\Nueva carpeta\Nicaquizz\test\[39mintegracion\servicios-nuevos.test.js:290:28
    at [90mfile:///C:/Users/ingga/OneDrive/Documentos/Nueva%20carpeta/Nicaquizz/test/[39mnode_modules/[4m@vitest/runner[24m/dist/index.js:135:14
    at [90mfile:///C:/Users/ingga/OneDrive/Documentos/Nueva%20carpeta/Nicaquizz/test/[39mnode_modules/[4m@vitest/runner[24m/dist/index.js:60:26
    at runTest [90m(file:///C:/Users/ingga/OneDrive/Documentos/Nueva%20carpeta/Nicaquizz/test/[39mnode_modules/[4m@vitest/runner[24m/dist/index.js:781:17[90m)[39m
    at runSuite [90m(file:///C:/Users/ingga/OneDrive/Documentos/Nueva%20carpeta/Nicaquizz/test/[39mnode_modules/[4m@vitest/runner[24m/dist/index.js:909:15[90m)[39m
    at runSuite [90m(file:///C:/Users/ingga/OneDrive/Documentos/Nueva%20carpeta/Nicaquizz/test/[39mnode_modules/[4m@vitest/runner[24m/dist/index.js:909:15[90m)[39m
    at runSuite [90m(file:///C:/Users/ingga/OneDrive/Documentos/Nueva%20carpeta/Nicaquizz/test/[39mnode_modules/[4m@vitest/runner[24m/dist/index.js:909:15[90m)[39m
    at runFiles [90m(file:///C:/Users/ingga/OneDrive/Documentos/Nueva%20carpeta/Nicaquizz/test/[39mnode_modules/[4m@vitest/runner[24m/dist/index.js:958:5[90m)[39m
    at startTests [90m(file:///C:/Users/ingga/OneDrive/Documentos/Nueva%20carpeta/Nicaquizz/test/[39mnode_modules/[4m@vitest/runner[24m/dist/index.js:967:3[90m)[39m

[90mstderr[2m | integracion/servicios-nuevos.test.js[2m > [22m[2mfirestore-extensions.js - Notificaciones[2m > [22m[2mcreateNotification[2m > [22m[2mmaneja errores al crear notificación[22m[39m
Error al crear notificación: ReferenceError: collection is not defined
    at Module.createNotification (C:\Users\ingga\OneDrive\Documentos\Nueva carpeta\Nicaquizz\src\services\firestore-extensions.js:127:30)
    at [90mC:\Users\ingga\OneDrive\Documentos\Nueva carpeta\Nicaquizz\test\[39mintegracion\servicios-nuevos.test.js:304:20
    at [90mfile:///C:/Users/ingga/OneDrive/Documentos/Nueva%20carpeta/Nicaquizz/test/[39mnode_modules/[4m@vitest/runner[24m/dist/index.js:135:14
    at [90mfile:///C:/Users/ingga/OneDrive/Documentos/Nueva%20carpeta/Nicaquizz/test/[39mnode_modules/[4m@vitest/runner[24m/dist/index.js:60:26
    at runTest [90m(file:///C:/Users/ingga/OneDrive/Documentos/Nueva%20carpeta/Nicaquizz/test/[39mnode_modules/[4m@vitest/runner[24m/dist/index.js:781:17[90m)[39m
    at runSuite [90m(file:///C:/Users/ingga/OneDrive/Documentos/Nueva%20carpeta/Nicaquizz/test/[39mnode_modules/[4m@vitest/runner[24m/dist/index.js:909:15[90m)[39m
    at runSuite [90m(file:///C:/Users/ingga/OneDrive/Documentos/Nueva%20carpeta/Nicaquizz/test/[39mnode_modules/[4m@vitest/runner[24m/dist/index.js:909:15[90m)[39m
    at runSuite [90m(file:///C:/Users/ingga/OneDrive/Documentos/Nueva%20carpeta/Nicaquizz/test/[39mnode_modules/[4m@vitest/runner[24m/dist/index.js:909:15[90m)[39m
    at runFiles [90m(file:///C:/Users/ingga/OneDrive/Documentos/Nueva%20carpeta/Nicaquizz/test/[39mnode_modules/[4m@vitest/runner[24m/dist/index.js:958:5[90m)[39m
    at startTests [90m(file:///C:/Users/ingga/OneDrive/Documentos/Nueva%20carpeta/Nicaquizz/test/[39mnode_modules/[4m@vitest/runner[24m/dist/index.js:967:3[90m)[39m

[90mstderr[2m | integracion/servicios-nuevos.test.js[2m > [22m[2mfirestore-extensions.js - Notificaciones[2m > [22m[2mmarkNotificationAsRead[2m > [22m[2mmarca una notificación como leída[22m[39m
Error al marcar notificación como leída: ReferenceError: doc is not defined
    at Module.markNotificationAsRead (C:\Users\ingga\OneDrive\Documentos\Nueva carpeta\Nicaquizz\src\services\firestore-extensions.js:150:29)
    at [90mC:\Users\ingga\OneDrive\Documentos\Nueva carpeta\Nicaquizz\test\[39mintegracion\servicios-nuevos.test.js:314:28
    at [90mfile:///C:/Users/ingga/OneDrive/Documentos/Nueva%20carpeta/Nicaquizz/test/[39mnode_modules/[4m@vitest/runner[24m/dist/index.js:135:14
    at [90mfile:///C:/Users/ingga/OneDrive/Documentos/Nueva%20carpeta/Nicaquizz/test/[39mnode_modules/[4m@vitest/runner[24m/dist/index.js:60:26
    at runTest [90m(file:///C:/Users/ingga/OneDrive/Documentos/Nueva%20carpeta/Nicaquizz/test/[39mnode_modules/[4m@vitest/runner[24m/dist/index.js:781:17[90m)[39m
    at runSuite [90m(file:///C:/Users/ingga/OneDrive/Documentos/Nueva%20carpeta/Nicaquizz/test/[39mnode_modules/[4m@vitest/runner[24m/dist/index.js:909:15[90m)[39m
    at runSuite [90m(file:///C:/Users/ingga/OneDrive/Documentos/Nueva%20carpeta/Nicaquizz/test/[39mnode_modules/[4m@vitest/runner[24m/dist/index.js:909:15[90m)[39m
    at runSuite [90m(file:///C:/Users/ingga/OneDrive/Documentos/Nueva%20carpeta/Nicaquizz/test/[39mnode_modules/[4m@vitest/runner[24m/dist/index.js:909:15[90m)[39m
    at runFiles [90m(file:///C:/Users/ingga/OneDrive/Documentos/Nueva%20carpeta/Nicaquizz/test/[39mnode_modules/[4m@vitest/runner[24m/dist/index.js:958:5[90m)[39m
    at startTests [90m(file:///C:/Users/ingga/OneDrive/Documentos/Nueva%20carpeta/Nicaquizz/test/[39mnode_modules/[4m@vitest/runner[24m/dist/index.js:967:3[90m)[39m

[90mstderr[2m | integracion/servicios-nuevos.test.js[2m > [22m[2mfirestore-extensions.js - Notificaciones[2m > [22m[2mmarkNotificationAsRead[2m > [22m[2mmaneja errores al marcar como leída[22m[39m
Error al marcar notificación como leída: ReferenceError: doc is not defined
    at Module.markNotificationAsRead (C:\Users\ingga\OneDrive\Documentos\Nueva carpeta\Nicaquizz\src\services\firestore-extensions.js:150:29)
    at [90mC:\Users\ingga\OneDrive\Documentos\Nueva carpeta\Nicaquizz\test\[39mintegracion\servicios-nuevos.test.js:324:20
    at [90mfile:///C:/Users/ingga/OneDrive/Documentos/Nueva%20carpeta/Nicaquizz/test/[39mnode_modules/[4m@vitest/runner[24m/dist/index.js:135:14
    at [90mfile:///C:/Users/ingga/OneDrive/Documentos/Nueva%20carpeta/Nicaquizz/test/[39mnode_modules/[4m@vitest/runner[24m/dist/index.js:60:26
    at runTest [90m(file:///C:/Users/ingga/OneDrive/Documentos/Nueva%20carpeta/Nicaquizz/test/[39mnode_modules/[4m@vitest/runner[24m/dist/index.js:781:17[90m)[39m
    at runSuite [90m(file:///C:/Users/ingga/OneDrive/Documentos/Nueva%20carpeta/Nicaquizz/test/[39mnode_modules/[4m@vitest/runner[24m/dist/index.js:909:15[90m)[39m
    at runSuite [90m(file:///C:/Users/ingga/OneDrive/Documentos/Nueva%20carpeta/Nicaquizz/test/[39mnode_modules/[4m@vitest/runner[24m/dist/index.js:909:15[90m)[39m
    at runSuite [90m(file:///C:/Users/ingga/OneDrive/Documentos/Nueva%20carpeta/Nicaquizz/test/[39mnode_modules/[4m@vitest/runner[24m/dist/index.js:909:15[90m)[39m
    at runFiles [90m(file:///C:/Users/ingga/OneDrive/Documentos/Nueva%20carpeta/Nicaquizz/test/[39mnode_modules/[4m@vitest/runner[24m/dist/index.js:958:5[90m)[39m
    at startTests [90m(file:///C:/Users/ingga/OneDrive/Documentos/Nueva%20carpeta/Nicaquizz/test/[39mnode_modules/[4m@vitest/runner[24m/dist/index.js:967:3[90m)[39m

[90mstderr[2m | integracion/servicios-nuevos.test.js[2m > [22m[2mfirestore-extensions.js - Notificaciones[2m > [22m[2mmarkAllNotificationsAsRead[2m > [22m[2mmarca todas las notificaciones como leídas[22m[39m
Error al marcar notificaciones como leídas: ReferenceError: collection is not defined
    at Module.markAllNotificationsAsRead (C:\Users\ingga\OneDrive\Documentos\Nueva carpeta\Nicaquizz\src\services\firestore-extensions.js:168:30)
    at [90mC:\Users\ingga\OneDrive\Documentos\Nueva carpeta\Nicaquizz\test\[39mintegracion\servicios-nuevos.test.js:346:28
    at [90mfile:///C:/Users/ingga/OneDrive/Documentos/Nueva%20carpeta/Nicaquizz/test/[39mnode_modules/[4m@vitest/runner[24m/dist/index.js:135:14
    at [90mfile:///C:/Users/ingga/OneDrive/Documentos/Nueva%20carpeta/Nicaquizz/test/[39mnode_modules/[4m@vitest/runner[24m/dist/index.js:60:26
    at runTest [90m(file:///C:/Users/ingga/OneDrive/Documentos/Nueva%20carpeta/Nicaquizz/test/[39mnode_modules/[4m@vitest/runner[24m/dist/index.js:781:17[90m)[39m
    at runSuite [90m(file:///C:/Users/ingga/OneDrive/Documentos/Nueva%20carpeta/Nicaquizz/test/[39mnode_modules/[4m@vitest/runner[24m/dist/index.js:909:15[90m)[39m
    at runSuite [90m(file:///C:/Users/ingga/OneDrive/Documentos/Nueva%20carpeta/Nicaquizz/test/[39mnode_modules/[4m@vitest/runner[24m/dist/index.js:909:15[90m)[39m
    at runSuite [90m(file:///C:/Users/ingga/OneDrive/Documentos/Nueva%20carpeta/Nicaquizz/test/[39mnode_modules/[4m@vitest/runner[24m/dist/index.js:909:15[90m)[39m
    at runFiles [90m(file:///C:/Users/ingga/OneDrive/Documentos/Nueva%20carpeta/Nicaquizz/test/[39mnode_modules/[4m@vitest/runner[24m/dist/index.js:958:5[90m)[39m
    at startTests [90m(file:///C:/Users/ingga/OneDrive/Documentos/Nueva%20carpeta/Nicaquizz/test/[39mnode_modules/[4m@vitest/runner[24m/dist/index.js:967:3[90m)[39m

[90mstderr[2m | integracion/servicios-nuevos.test.js[2m > [22m[2mfirestore-extensions.js - Notificaciones[2m > [22m[2mmarkAllNotificationsAsRead[2m > [22m[2mmaneja cuando no hay notificaciones no leídas[22m[39m
Error al marcar notificaciones como leídas: ReferenceError: collection is not defined
    at Module.markAllNotificationsAsRead (C:\Users\ingga\OneDrive\Documentos\Nueva carpeta\Nicaquizz\src\services\firestore-extensions.js:168:30)
    at [90mC:\Users\ingga\OneDrive\Documentos\Nueva carpeta\Nicaquizz\test\[39mintegracion\servicios-nuevos.test.js:362:28
    at [90mfile:///C:/Users/ingga/OneDrive/Documentos/Nueva%20carpeta/Nicaquizz/test/[39mnode_modules/[4m@vitest/runner[24m/dist/index.js:135:14
    at [90mfile:///C:/Users/ingga/OneDrive/Documentos/Nueva%20carpeta/Nicaquizz/test/[39mnode_modules/[4m@vitest/runner[24m/dist/index.js:60:26
    at runTest [90m(file:///C:/Users/ingga/OneDrive/Documentos/Nueva%20carpeta/Nicaquizz/test/[39mnode_modules/[4m@vitest/runner[24m/dist/index.js:781:17[90m)[39m
    at runSuite [90m(file:///C:/Users/ingga/OneDrive/Documentos/Nueva%20carpeta/Nicaquizz/test/[39mnode_modules/[4m@vitest/runner[24m/dist/index.js:909:15[90m)[39m
    at runSuite [90m(file:///C:/Users/ingga/OneDrive/Documentos/Nueva%20carpeta/Nicaquizz/test/[39mnode_modules/[4m@vitest/runner[24m/dist/index.js:909:15[90m)[39m
    at runSuite [90m(file:///C:/Users/ingga/OneDrive/Documentos/Nueva%20carpeta/Nicaquizz/test/[39mnode_modules/[4m@vitest/runner[24m/dist/index.js:909:15[90m)[39m
    at runFiles [90m(file:///C:/Users/ingga/OneDrive/Documentos/Nueva%20carpeta/Nicaquizz/test/[39mnode_modules/[4m@vitest/runner[24m/dist/index.js:958:5[90m)[39m
    at startTests [90m(file:///C:/Users/ingga/OneDrive/Documentos/Nueva%20carpeta/Nicaquizz/test/[39mnode_modules/[4m@vitest/runner[24m/dist/index.js:967:3[90m)[39m

[90mstderr[2m | integracion/servicios-nuevos.test.js[2m > [22m[2mfirestore-extensions.js - Notificaciones[2m > [22m[2mdeleteNotification[2m > [22m[2melimina una notificación[22m[39m
Error al eliminar notificación: ReferenceError: deleteDoc is not defined
    at Module.deleteNotification (C:\Users\ingga\OneDrive\Documentos\Nueva carpeta\Nicaquizz\src\services\firestore-extensions.js:193:5)
    at [90mC:\Users\ingga\OneDrive\Documentos\Nueva carpeta\Nicaquizz\test\[39mintegracion\servicios-nuevos.test.js:374:28
    at [90mfile:///C:/Users/ingga/OneDrive/Documentos/Nueva%20carpeta/Nicaquizz/test/[39mnode_modules/[4m@vitest/runner[24m/dist/index.js:135:14
    at [90mfile:///C:/Users/ingga/OneDrive/Documentos/Nueva%20carpeta/Nicaquizz/test/[39mnode_modules/[4m@vitest/runner[24m/dist/index.js:60:26
    at runTest [90m(file:///C:/Users/ingga/OneDrive/Documentos/Nueva%20carpeta/Nicaquizz/test/[39mnode_modules/[4m@vitest/runner[24m/dist/index.js:781:17[90m)[39m
    at runSuite [90m(file:///C:/Users/ingga/OneDrive/Documentos/Nueva%20carpeta/Nicaquizz/test/[39mnode_modules/[4m@vitest/runner[24m/dist/index.js:909:15[90m)[39m
    at runSuite [90m(file:///C:/Users/ingga/OneDrive/Documentos/Nueva%20carpeta/Nicaquizz/test/[39mnode_modules/[4m@vitest/runner[24m/dist/index.js:909:15[90m)[39m
    at runSuite [90m(file:///C:/Users/ingga/OneDrive/Documentos/Nueva%20carpeta/Nicaquizz/test/[39mnode_modules/[4m@vitest/runner[24m/dist/index.js:909:15[90m)[39m
    at runFiles [90m(file:///C:/Users/ingga/OneDrive/Documentos/Nueva%20carpeta/Nicaquizz/test/[39mnode_modules/[4m@vitest/runner[24m/dist/index.js:958:5[90m)[39m
    at startTests [90m(file:///C:/Users/ingga/OneDrive/Documentos/Nueva%20carpeta/Nicaquizz/test/[39mnode_modules/[4m@vitest/runner[24m/dist/index.js:967:3[90m)[39m

[90mstderr[2m | integracion/servicios-nuevos.test.js[2m > [22m[2mfirestore-extensions.js - Notificaciones[2m > [22m[2mdeleteNotification[2m > [22m[2mmaneja errores al eliminar[22m[39m
Error al eliminar notificación: ReferenceError: deleteDoc is not defined
    at Module.deleteNotification (C:\Users\ingga\OneDrive\Documentos\Nueva carpeta\Nicaquizz\src\services\firestore-extensions.js:193:5)
    at [90mC:\Users\ingga\OneDrive\Documentos\Nueva carpeta\Nicaquizz\test\[39mintegracion\servicios-nuevos.test.js:384:20
    at [90mfile:///C:/Users/ingga/OneDrive/Documentos/Nueva%20carpeta/Nicaquizz/test/[39mnode_modules/[4m@vitest/runner[24m/dist/index.js:135:14
    at [90mfile:///C:/Users/ingga/OneDrive/Documentos/Nueva%20carpeta/Nicaquizz/test/[39mnode_modules/[4m@vitest/runner[24m/dist/index.js:60:26
    at runTest [90m(file:///C:/Users/ingga/OneDrive/Documentos/Nueva%20carpeta/Nicaquizz/test/[39mnode_modules/[4m@vitest/runner[24m/dist/index.js:781:17[90m)[39m
    at runSuite [90m(file:///C:/Users/ingga/OneDrive/Documentos/Nueva%20carpeta/Nicaquizz/test/[39mnode_modules/[4m@vitest/runner[24m/dist/index.js:909:15[90m)[39m
    at runSuite [90m(file:///C:/Users/ingga/OneDrive/Documentos/Nueva%20carpeta/Nicaquizz/test/[39mnode_modules/[4m@vitest/runner[24m/dist/index.js:909:15[90m)[39m
    at runSuite [90m(file:///C:/Users/ingga/OneDrive/Documentos/Nueva%20carpeta/Nicaquizz/test/[39mnode_modules/[4m@vitest/runner[24m/dist/index.js:909:15[90m)[39m
    at runFiles [90m(file:///C:/Users/ingga/OneDrive/Documentos/Nueva%20carpeta/Nicaquizz/test/[39mnode_modules/[4m@vitest/runner[24m/dist/index.js:958:5[90m)[39m
    at startTests [90m(file:///C:/Users/ingga/OneDrive/Documentos/Nueva%20carpeta/Nicaquizz/test/[39mnode_modules/[4m@vitest/runner[24m/dist/index.js:967:3[90m)[39m

[90mstderr[2m | integracion/servicios-nuevos.test.js[2m > [22m[2mFlujos Combinados - Mapa y Notificaciones[2m > [22m[2mflujo completo: conquistar departamento y notificar[22m[39m
Error al obtener progreso de conquista: ReferenceError: doc is not defined
    at Module.getUserConquestProgress (C:\Users\ingga\OneDrive\Documentos\Nueva carpeta\Nicaquizz\src\services\firestore-extensions.js:62:21)
    at [90mC:\Users\ingga\OneDrive\Documentos\Nueva carpeta\Nicaquizz\test\[39mintegracion\servicios-nuevos.test.js:422:28
    at [90mfile:///C:/Users/ingga/OneDrive/Documentos/Nueva%20carpeta/Nicaquizz/test/[39mnode_modules/[4m@vitest/runner[24m/dist/index.js:135:14
    at [90mfile:///C:/Users/ingga/OneDrive/Documentos/Nueva%20carpeta/Nicaquizz/test/[39mnode_modules/[4m@vitest/runner[24m/dist/index.js:60:26
    at runTest [90m(file:///C:/Users/ingga/OneDrive/Documentos/Nueva%20carpeta/Nicaquizz/test/[39mnode_modules/[4m@vitest/runner[24m/dist/index.js:781:17[90m)[39m
    at runSuite [90m(file:///C:/Users/ingga/OneDrive/Documentos/Nueva%20carpeta/Nicaquizz/test/[39mnode_modules/[4m@vitest/runner[24m/dist/index.js:909:15[90m)[39m
    at runSuite [90m(file:///C:/Users/ingga/OneDrive/Documentos/Nueva%20carpeta/Nicaquizz/test/[39mnode_modules/[4m@vitest/runner[24m/dist/index.js:909:15[90m)[39m
    at runFiles [90m(file:///C:/Users/ingga/OneDrive/Documentos/Nueva%20carpeta/Nicaquizz/test/[39mnode_modules/[4m@vitest/runner[24m/dist/index.js:958:5[90m)[39m
    at startTests [90m(file:///C:/Users/ingga/OneDrive/Documentos/Nueva%20carpeta/Nicaquizz/test/[39mnode_modules/[4m@vitest/runner[24m/dist/index.js:967:3[90m)[39m
    at [90mfile:///C:/Users/ingga/OneDrive/Documentos/Nueva%20carpeta/Nicaquizz/test/[39mnode_modules/[4mvitest[24m/dist/chunks/runtime-runBaseTests.oAvMKtQC.js:116:7

[90mstderr[2m | integracion/servicios-nuevos.test.js[2m > [22m[2mFlujos Combinados - Mapa y Notificaciones[2m > [22m[2mflujo completo: obtener notificaciones y marcar como leídas[22m[39m
Error al obtener notificaciones: ReferenceError: collection is not defined
    at Module.getUserNotifications (C:\Users\ingga\OneDrive\Documentos\Nueva carpeta\Nicaquizz\src\services\firestore-extensions.js:106:30)
    at [90mC:\Users\ingga\OneDrive\Documentos\Nueva carpeta\Nicaquizz\test\[39mintegracion\servicios-nuevos.test.js:465:34
    at [90mfile:///C:/Users/ingga/OneDrive/Documentos/Nueva%20carpeta/Nicaquizz/test/[39mnode_modules/[4m@vitest/runner[24m/dist/index.js:135:14
    at [90mfile:///C:/Users/ingga/OneDrive/Documentos/Nueva%20carpeta/Nicaquizz/test/[39mnode_modules/[4m@vitest/runner[24m/dist/index.js:60:26
    at runTest [90m(file:///C:/Users/ingga/OneDrive/Documentos/Nueva%20carpeta/Nicaquizz/test/[39mnode_modules/[4m@vitest/runner[24m/dist/index.js:781:17[90m)[39m
    at runSuite [90m(file:///C:/Users/ingga/OneDrive/Documentos/Nueva%20carpeta/Nicaquizz/test/[39mnode_modules/[4m@vitest/runner[24m/dist/index.js:909:15[90m)[39m
    at runSuite [90m(file:///C:/Users/ingga/OneDrive/Documentos/Nueva%20carpeta/Nicaquizz/test/[39mnode_modules/[4m@vitest/runner[24m/dist/index.js:909:15[90m)[39m
    at runFiles [90m(file:///C:/Users/ingga/OneDrive/Documentos/Nueva%20carpeta/Nicaquizz/test/[39mnode_modules/[4m@vitest/runner[24m/dist/index.js:958:5[90m)[39m
    at startTests [90m(file:///C:/Users/ingga/OneDrive/Documentos/Nueva%20carpeta/Nicaquizz/test/[39mnode_modules/[4m@vitest/runner[24m/dist/index.js:967:3[90m)[39m
    at [90mfile:///C:/Users/ingga/OneDrive/Documentos/Nueva%20carpeta/Nicaquizz/test/[39mnode_modules/[4mvitest[24m/dist/chunks/runtime-runBaseTests.oAvMKtQC.js:116:7

 [33m❯[39m integracion/servicios-nuevos.test.js [2m ([22m[2m24 tests[22m [2m|[22m [31m24 failed[39m[2m)[22m[90m 82[2mms[22m[39m
[31m   [33m❯[31m integracion/servicios-nuevos.test.js[2m > [22mfirestore-extensions.js - Mapa de Conquista[2m > [22mgetDepartments[2m > [22mobtiene todos los departamentos ordenados[39m
[31m     → collection is not defined[39m
[31m   [33m❯[31m integracion/servicios-nuevos.test.js[2m > [22mfirestore-extensions.js - Mapa de Conquista[2m > [22mgetDepartments[2m > [22mmaneja errores al obtener departamentos[39m
[31m     → expected [Function] to throw error including 'Firestore error' but got 'collection is not defined'[39m
[31m   [33m❯[31m integracion/servicios-nuevos.test.js[2m > [22mfirestore-extensions.js - Mapa de Conquista[2m > [22mgetDepartmentById[2m > [22mobtiene un departamento por ID[39m
[31m     → doc is not defined[39m
[31m   [33m❯[31m integracion/servicios-nuevos.test.js[2m > [22mfirestore-extensions.js - Mapa de Conquista[2m > [22mgetDepartmentById[2m > [22mretorna null si el departamento no existe[39m
[31m     → doc is not defined[39m
[31m   [33m❯[31m integracion/servicios-nuevos.test.js[2m > [22mfirestore-extensions.js - Mapa de Conquista[2m > [22mgetRegionalLeaders[2m > [22mobtiene todos los líderes activos[39m
[31m     → collection is not defined[39m
[31m   [33m❯[31m integracion/servicios-nuevos.test.js[2m > [22mfirestore-extensions.js - Mapa de Conquista[2m > [22mgetRegionalLeaders[2m > [22mobtiene líderes de un departamento específico[39m
[31m     → collection is not defined[39m
[31m   [33m❯[31m integracion/servicios-nuevos.test.js[2m > [22mfirestore-extensions.js - Mapa de Conquista[2m > [22mgetUserConquestProgress[2m > [22mobtiene el progreso de conquista del usuario[39m
[31m     → doc is not defined[39m
[31m   [33m❯[31m integracion/servicios-nuevos.test.js[2m > [22mfirestore-extensions.js - Mapa de Conquista[2m > [22mgetUserConquestProgress[2m > [22mretorna valores por defecto si no hay progreso[39m
[31m     → doc is not defined[39m
[31m   [33m❯[31m integracion/servicios-nuevos.test.js[2m > [22mfirestore-extensions.js - Mapa de Conquista[2m > [22mgetUserConquestProgress[2m > [22mmaneja usuario inexistente[39m
[31m     → doc is not defined[39m
[31m   [33m❯[31m integracion/servicios-nuevos.test.js[2m > [22mfirestore-extensions.js - Mapa de Conquista[2m > [22mupdateUserConquestProgress[2m > [22mactualiza el progreso de conquista[39m
[31m     → doc is not defined[39m
[31m   [33m❯[31m integracion/servicios-nuevos.test.js[2m > [22mfirestore-extensions.js - Mapa de Conquista[2m > [22mupdateUserConquestProgress[2m > [22mmaneja errores al actualizar progreso[39m
[31m     → expected [Function] to throw error including 'Update error' but got 'doc is not defined'[39m
[31m   [33m❯[31m integracion/servicios-nuevos.test.js[2m > [22mfirestore-extensions.js - Notificaciones[2m > [22mgetUserNotifications[2m > [22mobtiene notificaciones del usuario ordenadas por fecha[39m
[31m     → collection is not defined[39m
[31m   [33m❯[31m integracion/servicios-nuevos.test.js[2m > [22mfirestore-extensions.js - Notificaciones[2m > [22mgetUserNotifications[2m > [22mlimita el número de notificaciones[39m
[31m     → collection is not defined[39m
[31m   [33m❯[31m integracion/servicios-nuevos.test.js[2m > [22mfirestore-extensions.js - Notificaciones[2m > [22mcreateNotification[2m > [22mcrea una notificación correctamente[39m
[31m     → collection is not defined[39m
[31m   [33m❯[31m integracion/servicios-nuevos.test.js[2m > [22mfirestore-extensions.js - Notificaciones[2m > [22mcreateNotification[2m > [22mcrea notificación sin datos adicionales[39m
[31m     → collection is not defined[39m
[31m   [33m❯[31m integracion/servicios-nuevos.test.js[2m > [22mfirestore-extensions.js - Notificaciones[2m > [22mcreateNotification[2m > [22mmaneja errores al crear notificación[39m
[31m     → expected [Function] to throw error including 'Create error' but got 'collection is not defined'[39m
[31m   [33m❯[31m integracion/servicios-nuevos.test.js[2m > [22mfirestore-extensions.js - Notificaciones[2m > [22mmarkNotificationAsRead[2m > [22mmarca una notificación como leída[39m
[31m     → doc is not defined[39m
[31m   [33m❯[31m integracion/servicios-nuevos.test.js[2m > [22mfirestore-extensions.js - Notificaciones[2m > [22mmarkNotificationAsRead[2m > [22mmaneja errores al marcar como leída[39m
[31m     → expected [Function] to throw error including 'Update error' but got 'doc is not defined'[39m
[31m   [33m❯[31m integracion/servicios-nuevos.test.js[2m > [22mfirestore-extensions.js - Notificaciones[2m > [22mmarkAllNotificationsAsRead[2m > [22mmarca todas las notificaciones como leídas[39m
[31m     → collection is not defined[39m
[31m   [33m❯[31m integracion/servicios-nuevos.test.js[2m > [22mfirestore-extensions.js - Notificaciones[2m > [22mmarkAllNotificationsAsRead[2m > [22mmaneja cuando no hay notificaciones no leídas[39m
[31m     → collection is not defined[39m
[31m   [33m❯[31m integracion/servicios-nuevos.test.js[2m > [22mfirestore-extensions.js - Notificaciones[2m > [22mdeleteNotification[2m > [22melimina una notificación[39m
[31m     → deleteDoc is not defined[39m
[31m   [33m❯[31m integracion/servicios-nuevos.test.js[2m > [22mfirestore-extensions.js - Notificaciones[2m > [22mdeleteNotification[2m > [22mmaneja errores al eliminar[39m
[31m     → expected [Function] to throw error including 'Delete error' but got 'deleteDoc is not defined'[39m
[31m   [33m❯[31m integracion/servicios-nuevos.test.js[2m > [22mFlujos Combinados - Mapa y Notificaciones[2m > [22mflujo completo: conquistar departamento y notificar[39m
[31m     → doc is not defined[39m
[31m   [33m❯[31m integracion/servicios-nuevos.test.js[2m > [22mFlujos Combinados - Mapa y Notificaciones[2m > [22mflujo completo: obtener notificaciones y marcar como leídas[39m
[31m     → collection is not defined[39m
 [33m❯[39m unitarios/componentes-nuevos.test.jsx [2m ([22m[2m26 tests[22m [2m|[22m [31m4 failed[39m[2m)[22m[33m 348[2mms[22m[39m
[31m   [33m❯[31m unitarios/componentes-nuevos.test.jsx[2m > [22mMap.jsx - Mapa de Conquista[2m > [22mrenderiza el título del mapa correctamente[39m
[31m     → Cannot read properties of null (reading 'useRef')[39m
[31m   [33m❯[31m unitarios/componentes-nuevos.test.jsx[2m > [22mTrade.jsx - Mercado de Trueques[2m > [22mrenderiza el título del mercado correctamente[39m
[31m     → Cannot read properties of null (reading 'useRef')[39m
[31m   [33m❯[31m unitarios/componentes-nuevos.test.jsx[2m > [22mNotifications.jsx - Centro de Avisos[2m > [22mrenderiza el título del centro de avisos[39m
[31m     → Cannot read properties of null (reading 'useRef')[39m
[31m   [33m❯[31m unitarios/componentes-nuevos.test.jsx[2m > [22mChallenge.jsx - Configuración del Duelo[2m > [22mrenderiza la configuración del duelo[39m
[31m     → Cannot read properties of null (reading 'useRef')[39m
[90mstderr[2m | unitarios/componentes-nuevos.test.jsx[2m > [22m[2mMap.jsx - Mapa de Conquista[2m > [22m[2mrenderiza el título del mapa correctamente[22m[39m
Invalid hook call. Hooks can only be called inside of the body of a function component. This could happen for one of the following reasons:
1. You might have mismatching versions of React and the renderer (such as React DOM)
2. You might be breaking the Rules of Hooks
3. You might have more than one copy of React in the same app
See https://react.dev/link/invalid-hook-call for tips about how to debug and fix this problem.
Invalid hook call. Hooks can only be called inside of the body of a function component. This could happen for one of the following reasons:
1. You might have mismatching versions of React and the renderer (such as React DOM)
2. You might be breaking the Rules of Hooks
3. You might have more than one copy of React in the same app
See https://react.dev/link/invalid-hook-call for tips about how to debug and fix this problem.
Error: Uncaught [TypeError: Cannot read properties of null (reading 'useRef')]
    at reportException (C:\Users\ingga\OneDrive\Documentos\Nueva carpeta\Nicaquizz\test\node_modules\jsdom\lib\jsdom\living\helpers\runtime-script-errors.js:66:24)
    at innerInvokeEventListeners (C:\Users\ingga\OneDrive\Documentos\Nueva carpeta\Nicaquizz\test\node_modules\jsdom\lib\jsdom\living\events\EventTarget-impl.js:353:9)
    at invokeEventListeners (C:\Users\ingga\OneDrive\Documentos\Nueva carpeta\Nicaquizz\test\node_modules\jsdom\lib\jsdom\living\events\EventTarget-impl.js:286:3)
    at HTMLUnknownElementImpl._dispatch (C:\Users\ingga\OneDrive\Documentos\Nueva carpeta\Nicaquizz\test\node_modules\jsdom\lib\jsdom\living\events\EventTarget-impl.js:233:9)
    at HTMLUnknownElementImpl.dispatchEvent (C:\Users\ingga\OneDrive\Documentos\Nueva carpeta\Nicaquizz\test\node_modules\jsdom\lib\jsdom\living\events\EventTarget-impl.js:104:17)
    at HTMLUnknownElement.dispatchEvent (C:\Users\ingga\OneDrive\Documentos\Nueva carpeta\Nicaquizz\test\node_modules\jsdom\lib\jsdom\living\generated\EventTarget.js:241:34)
    at Object.invokeGuardedCallbackDev (C:\Users\ingga\OneDrive\Documentos\Nueva carpeta\Nicaquizz\test\node_modules\react-dom\cjs\react-dom.development.js:4213:16)
    at invokeGuardedCallback (C:\Users\ingga\OneDrive\Documentos\Nueva carpeta\Nicaquizz\test\node_modules\react-dom\cjs\react-dom.development.js:4277:31)
    at beginWork$1 (C:\Users\ingga\OneDrive\Documentos\Nueva carpeta\Nicaquizz\test\node_modules\react-dom\cjs\react-dom.development.js:27490:7)
    at performUnitOfWork (C:\Users\ingga\OneDrive\Documentos\Nueva carpeta\Nicaquizz\test\node_modules\react-dom\cjs\react-dom.development.js:26599:12) TypeError: Cannot read properties of null (reading 'useRef')
    at Module.process.env.NODE_ENV.exports.useRef (C:\Users\ingga\OneDrive\Documentos\Nueva carpeta\Nicaquizz\node_modules\[4mreact[24m\cjs\react.development.js:1260:33)
    at MemoryRouter (file:///C:/Users/ingga/OneDrive/Documentos/Nueva%20carpeta/Nicaquizz/node_modules/[4mreact-router[24m/dist/development/chunk-UVKPFVEO.mjs:6639:27)
    at renderWithHooks [90m(C:\Users\ingga\OneDrive\Documentos\Nueva carpeta\Nicaquizz\test\[39mnode_modules\[4mreact-dom[24m\cjs\react-dom.development.js:15486:18[90m)[39m
    at mountIndeterminateComponent [90m(C:\Users\ingga\OneDrive\Documentos\Nueva carpeta\Nicaquizz\test\[39mnode_modules\[4mreact-dom[24m\cjs\react-dom.development.js:20103:13[90m)[39m
    at beginWork [90m(C:\Users\ingga\OneDrive\Documentos\Nueva carpeta\Nicaquizz\test\[39mnode_modules\[4mreact-dom[24m\cjs\react-dom.development.js:21626:16[90m)[39m
    at HTMLUnknownElement.callCallback [90m(C:\Users\ingga\OneDrive\Documentos\Nueva carpeta\Nicaquizz\test\[39mnode_modules\[4mreact-dom[24m\cjs\react-dom.development.js:4164:14[90m)[39m
    at HTMLUnknownElement.callTheUserObjectsOperation [90m(C:\Users\ingga\OneDrive\Documentos\Nueva carpeta\Nicaquizz\test\[39mnode_modules\[4mjsdom[24m\lib\jsdom\living\generated\EventListener.js:26:30[90m)[39m
    at innerInvokeEventListeners [90m(C:\Users\ingga\OneDrive\Documentos\Nueva carpeta\Nicaquizz\test\[39mnode_modules\[4mjsdom[24m\lib\jsdom\living\events\EventTarget-impl.js:350:25[90m)[39m
    at invokeEventListeners [90m(C:\Users\ingga\OneDrive\Documentos\Nueva carpeta\Nicaquizz\test\[39mnode_modules\[4mjsdom[24m\lib\jsdom\living\events\EventTarget-impl.js:286:3[90m)[39m
    at HTMLUnknownElementImpl._dispatch [90m(C:\Users\ingga\OneDrive\Documentos\Nueva carpeta\Nicaquizz\test\[39mnode_modules\[4mjsdom[24m\lib\jsdom\living\events\EventTarget-impl.js:233:9[90m)[39m
Invalid hook call. Hooks can only be called inside of the body of a function component. This could happen for one of the following reasons:
1. You might have mismatching versions of React and the renderer (such as React DOM)
2. You might be breaking the Rules of Hooks
3. You might have more than one copy of React in the same app
See https://react.dev/link/invalid-hook-call for tips about how to debug and fix this problem.
Invalid hook call. Hooks can only be called inside of the body of a function component. This could happen for one of the following reasons:
1. You might have mismatching versions of React and the renderer (such as React DOM)
2. You might be breaking the Rules of Hooks
3. You might have more than one copy of React in the same app
See https://react.dev/link/invalid-hook-call for tips about how to debug and fix this problem.
Error: Uncaught [TypeError: Cannot read properties of null (reading 'useRef')]
    at reportException (C:\Users\ingga\OneDrive\Documentos\Nueva carpeta\Nicaquizz\test\node_modules\jsdom\lib\jsdom\living\helpers\runtime-script-errors.js:66:24)
    at innerInvokeEventListeners (C:\Users\ingga\OneDrive\Documentos\Nueva carpeta\Nicaquizz\test\node_modules\jsdom\lib\jsdom\living\events\EventTarget-impl.js:353:9)
    at invokeEventListeners (C:\Users\ingga\OneDrive\Documentos\Nueva carpeta\Nicaquizz\test\node_modules\jsdom\lib\jsdom\living\events\EventTarget-impl.js:286:3)
    at HTMLUnknownElementImpl._dispatch (C:\Users\ingga\OneDrive\Documentos\Nueva carpeta\Nicaquizz\test\node_modules\jsdom\lib\jsdom\living\events\EventTarget-impl.js:233:9)
    at HTMLUnknownElementImpl.dispatchEvent (C:\Users\ingga\OneDrive\Documentos\Nueva carpeta\Nicaquizz\test\node_modules\jsdom\lib\jsdom\living\events\EventTarget-impl.js:104:17)
    at HTMLUnknownElement.dispatchEvent (C:\Users\ingga\OneDrive\Documentos\Nueva carpeta\Nicaquizz\test\node_modules\jsdom\lib\jsdom\living\generated\EventTarget.js:241:34)
    at Object.invokeGuardedCallbackDev (C:\Users\ingga\OneDrive\Documentos\Nueva carpeta\Nicaquizz\test\node_modules\react-dom\cjs\react-dom.development.js:4213:16)
    at invokeGuardedCallback (C:\Users\ingga\OneDrive\Documentos\Nueva carpeta\Nicaquizz\test\node_modules\react-dom\cjs\react-dom.development.js:4277:31)
    at beginWork$1 (C:\Users\ingga\OneDrive\Documentos\Nueva carpeta\Nicaquizz\test\node_modules\react-dom\cjs\react-dom.development.js:27490:7)
    at performUnitOfWork (C:\Users\ingga\OneDrive\Documentos\Nueva carpeta\Nicaquizz\test\node_modules\react-dom\cjs\react-dom.development.js:26599:12) TypeError: Cannot read properties of null (reading 'useRef')
    at Module.process.env.NODE_ENV.exports.useRef (C:\Users\ingga\OneDrive\Documentos\Nueva carpeta\Nicaquizz\node_modules\[4mreact[24m\cjs\react.development.js:1260:33)
    at MemoryRouter (file:///C:/Users/ingga/OneDrive/Documentos/Nueva%20carpeta/Nicaquizz/node_modules/[4mreact-router[24m/dist/development/chunk-UVKPFVEO.mjs:6639:27)
    at renderWithHooks [90m(C:\Users\ingga\OneDrive\Documentos\Nueva carpeta\Nicaquizz\test\[39mnode_modules\[4mreact-dom[24m\cjs\react-dom.development.js:15486:18[90m)[39m
    at mountIndeterminateComponent [90m(C:\Users\ingga\OneDrive\Documentos\Nueva carpeta\Nicaquizz\test\[39mnode_modules\[4mreact-dom[24m\cjs\react-dom.development.js:20103:13[90m)[39m
    at beginWork [90m(C:\Users\ingga\OneDrive\Documentos\Nueva carpeta\Nicaquizz\test\[39mnode_modules\[4mreact-dom[24m\cjs\react-dom.development.js:21626:16[90m)[39m
    at HTMLUnknownElement.callCallback [90m(C:\Users\ingga\OneDrive\Documentos\Nueva carpeta\Nicaquizz\test\[39mnode_modules\[4mreact-dom[24m\cjs\react-dom.development.js:4164:14[90m)[39m
    at HTMLUnknownElement.callTheUserObjectsOperation [90m(C:\Users\ingga\OneDrive\Documentos\Nueva carpeta\Nicaquizz\test\[39mnode_modules\[4mjsdom[24m\lib\jsdom\living\generated\EventListener.js:26:30[90m)[39m
    at innerInvokeEventListeners [90m(C:\Users\ingga\OneDrive\Documentos\Nueva carpeta\Nicaquizz\test\[39mnode_modules\[4mjsdom[24m\lib\jsdom\living\events\EventTarget-impl.js:350:25[90m)[39m
    at invokeEventListeners [90m(C:\Users\ingga\OneDrive\Documentos\Nueva carpeta\Nicaquizz\test\[39mnode_modules\[4mjsdom[24m\lib\jsdom\living\events\EventTarget-impl.js:286:3[90m)[39m
    at HTMLUnknownElementImpl._dispatch [90m(C:\Users\ingga\OneDrive\Documentos\Nueva carpeta\Nicaquizz\test\[39mnode_modules\[4mjsdom[24m\lib\jsdom\living\events\EventTarget-impl.js:233:9[90m)[39m
The above error occurred in the <MemoryRouter> component:

    at MemoryRouter (file:///C:/Users/ingga/OneDrive/Documentos/Nueva%20carpeta/Nicaquizz/node_modules/react-router/dist/development/chunk-UVKPFVEO.mjs:6633:3)

Consider adding an error boundary to your tree to customize error handling behavior.
Visit https://reactjs.org/link/error-boundaries to learn more about error boundaries.

[90mstderr[2m | unitarios/componentes-nuevos.test.jsx[2m > [22m[2mTrade.jsx - Mercado de Trueques[2m > [22m[2mrenderiza el título del mercado correctamente[22m[39m
Invalid hook call. Hooks can only be called inside of the body of a function component. This could happen for one of the following reasons:
1. You might have mismatching versions of React and the renderer (such as React DOM)
2. You might be breaking the Rules of Hooks
3. You might have more than one copy of React in the same app
See https://react.dev/link/invalid-hook-call for tips about how to debug and fix this problem.
Invalid hook call. Hooks can only be called inside of the body of a function component. This could happen for one of the following reasons:
1. You might have mismatching versions of React and the renderer (such as React DOM)
2. You might be breaking the Rules of Hooks
3. You might have more than one copy of React in the same app
See https://react.dev/link/invalid-hook-call for tips about how to debug and fix this problem.
Error: Uncaught [TypeError: Cannot read properties of null (reading 'useRef')]
    at reportException (C:\Users\ingga\OneDrive\Documentos\Nueva carpeta\Nicaquizz\test\node_modules\jsdom\lib\jsdom\living\helpers\runtime-script-errors.js:66:24)
    at innerInvokeEventListeners (C:\Users\ingga\OneDrive\Documentos\Nueva carpeta\Nicaquizz\test\node_modules\jsdom\lib\jsdom\living\events\EventTarget-impl.js:353:9)
    at invokeEventListeners (C:\Users\ingga\OneDrive\Documentos\Nueva carpeta\Nicaquizz\test\node_modules\jsdom\lib\jsdom\living\events\EventTarget-impl.js:286:3)
    at HTMLUnknownElementImpl._dispatch (C:\Users\ingga\OneDrive\Documentos\Nueva carpeta\Nicaquizz\test\node_modules\jsdom\lib\jsdom\living\events\EventTarget-impl.js:233:9)
    at HTMLUnknownElementImpl.dispatchEvent (C:\Users\ingga\OneDrive\Documentos\Nueva carpeta\Nicaquizz\test\node_modules\jsdom\lib\jsdom\living\events\EventTarget-impl.js:104:17)
    at HTMLUnknownElement.dispatchEvent (C:\Users\ingga\OneDrive\Documentos\Nueva carpeta\Nicaquizz\test\node_modules\jsdom\lib\jsdom\living\generated\EventTarget.js:241:34)
    at Object.invokeGuardedCallbackDev (C:\Users\ingga\OneDrive\Documentos\Nueva carpeta\Nicaquizz\test\node_modules\react-dom\cjs\react-dom.development.js:4213:16)
    at invokeGuardedCallback (C:\Users\ingga\OneDrive\Documentos\Nueva carpeta\Nicaquizz\test\node_modules\react-dom\cjs\react-dom.development.js:4277:31)
    at beginWork$1 (C:\Users\ingga\OneDrive\Documentos\Nueva carpeta\Nicaquizz\test\node_modules\react-dom\cjs\react-dom.development.js:27490:7)
    at performUnitOfWork (C:\Users\ingga\OneDrive\Documentos\Nueva carpeta\Nicaquizz\test\node_modules\react-dom\cjs\react-dom.development.js:26599:12) TypeError: Cannot read properties of null (reading 'useRef')
    at Module.process.env.NODE_ENV.exports.useRef (C:\Users\ingga\OneDrive\Documentos\Nueva carpeta\Nicaquizz\node_modules\[4mreact[24m\cjs\react.development.js:1260:33)
    at MemoryRouter (file:///C:/Users/ingga/OneDrive/Documentos/Nueva%20carpeta/Nicaquizz/node_modules/[4mreact-router[24m/dist/development/chunk-UVKPFVEO.mjs:6639:27)
    at renderWithHooks [90m(C:\Users\ingga\OneDrive\Documentos\Nueva carpeta\Nicaquizz\test\[39mnode_modules\[4mreact-dom[24m\cjs\react-dom.development.js:15486:18[90m)[39m
    at mountIndeterminateComponent [90m(C:\Users\ingga\OneDrive\Documentos\Nueva carpeta\Nicaquizz\test\[39mnode_modules\[4mreact-dom[24m\cjs\react-dom.development.js:20103:13[90m)[39m
    at beginWork [90m(C:\Users\ingga\OneDrive\Documentos\Nueva carpeta\Nicaquizz\test\[39mnode_modules\[4mreact-dom[24m\cjs\react-dom.development.js:21626:16[90m)[39m
    at HTMLUnknownElement.callCallback [90m(C:\Users\ingga\OneDrive\Documentos\Nueva carpeta\Nicaquizz\test\[39mnode_modules\[4mreact-dom[24m\cjs\react-dom.development.js:4164:14[90m)[39m
    at HTMLUnknownElement.callTheUserObjectsOperation [90m(C:\Users\ingga\OneDrive\Documentos\Nueva carpeta\Nicaquizz\test\[39mnode_modules\[4mjsdom[24m\lib\jsdom\living\generated\EventListener.js:26:30[90m)[39m
    at innerInvokeEventListeners [90m(C:\Users\ingga\OneDrive\Documentos\Nueva carpeta\Nicaquizz\test\[39mnode_modules\[4mjsdom[24m\lib\jsdom\living\events\EventTarget-impl.js:350:25[90m)[39m
    at invokeEventListeners [90m(C:\Users\ingga\OneDrive\Documentos\Nueva carpeta\Nicaquizz\test\[39mnode_modules\[4mjsdom[24m\lib\jsdom\living\events\EventTarget-impl.js:286:3[90m)[39m
    at HTMLUnknownElementImpl._dispatch [90m(C:\Users\ingga\OneDrive\Documentos\Nueva carpeta\Nicaquizz\test\[39mnode_modules\[4mjsdom[24m\lib\jsdom\living\events\EventTarget-impl.js:233:9[90m)[39m
Invalid hook call. Hooks can only be called inside of the body of a function component. This could happen for one of the following reasons:
1. You might have mismatching versions of React and the renderer (such as React DOM)
2. You might be breaking the Rules of Hooks
3. You might have more than one copy of React in the same app
See https://react.dev/link/invalid-hook-call for tips about how to debug and fix this problem.
Invalid hook call. Hooks can only be called inside of the body of a function component. This could happen for one of the following reasons:
1. You might have mismatching versions of React and the renderer (such as React DOM)
2. You might be breaking the Rules of Hooks
3. You might have more than one copy of React in the same app
See https://react.dev/link/invalid-hook-call for tips about how to debug and fix this problem.
Error: Uncaught [TypeError: Cannot read properties of null (reading 'useRef')]
    at reportException (C:\Users\ingga\OneDrive\Documentos\Nueva carpeta\Nicaquizz\test\node_modules\jsdom\lib\jsdom\living\helpers\runtime-script-errors.js:66:24)
    at innerInvokeEventListeners (C:\Users\ingga\OneDrive\Documentos\Nueva carpeta\Nicaquizz\test\node_modules\jsdom\lib\jsdom\living\events\EventTarget-impl.js:353:9)
    at invokeEventListeners (C:\Users\ingga\OneDrive\Documentos\Nueva carpeta\Nicaquizz\test\node_modules\jsdom\lib\jsdom\living\events\EventTarget-impl.js:286:3)
    at HTMLUnknownElementImpl._dispatch (C:\Users\ingga\OneDrive\Documentos\Nueva carpeta\Nicaquizz\test\node_modules\jsdom\lib\jsdom\living\events\EventTarget-impl.js:233:9)
    at HTMLUnknownElementImpl.dispatchEvent (C:\Users\ingga\OneDrive\Documentos\Nueva carpeta\Nicaquizz\test\node_modules\jsdom\lib\jsdom\living\events\EventTarget-impl.js:104:17)
    at HTMLUnknownElement.dispatchEvent (C:\Users\ingga\OneDrive\Documentos\Nueva carpeta\Nicaquizz\test\node_modules\jsdom\lib\jsdom\living\generated\EventTarget.js:241:34)
    at Object.invokeGuardedCallbackDev (C:\Users\ingga\OneDrive\Documentos\Nueva carpeta\Nicaquizz\test\node_modules\react-dom\cjs\react-dom.development.js:4213:16)
    at invokeGuardedCallback (C:\Users\ingga\OneDrive\Documentos\Nueva carpeta\Nicaquizz\test\node_modules\react-dom\cjs\react-dom.development.js:4277:31)
    at beginWork$1 (C:\Users\ingga\OneDrive\Documentos\Nueva carpeta\Nicaquizz\test\node_modules\react-dom\cjs\react-dom.development.js:27490:7)
    at performUnitOfWork (C:\Users\ingga\OneDrive\Documentos\Nueva carpeta\Nicaquizz\test\node_modules\react-dom\cjs\react-dom.development.js:26599:12) TypeError: Cannot read properties of null (reading 'useRef')
    at Module.process.env.NODE_ENV.exports.useRef (C:\Users\ingga\OneDrive\Documentos\Nueva carpeta\Nicaquizz\node_modules\[4mreact[24m\cjs\react.development.js:1260:33)
    at MemoryRouter (file:///C:/Users/ingga/OneDrive/Documentos/Nueva%20carpeta/Nicaquizz/node_modules/[4mreact-router[24m/dist/development/chunk-UVKPFVEO.mjs:6639:27)
    at renderWithHooks [90m(C:\Users\ingga\OneDrive\Documentos\Nueva carpeta\Nicaquizz\test\[39mnode_modules\[4mreact-dom[24m\cjs\react-dom.development.js:15486:18[90m)[39m
    at mountIndeterminateComponent [90m(C:\Users\ingga\OneDrive\Documentos\Nueva carpeta\Nicaquizz\test\[39mnode_modules\[4mreact-dom[24m\cjs\react-dom.development.js:20103:13[90m)[39m
    at beginWork [90m(C:\Users\ingga\OneDrive\Documentos\Nueva carpeta\Nicaquizz\test\[39mnode_modules\[4mreact-dom[24m\cjs\react-dom.development.js:21626:16[90m)[39m
    at HTMLUnknownElement.callCallback [90m(C:\Users\ingga\OneDrive\Documentos\Nueva carpeta\Nicaquizz\test\[39mnode_modules\[4mreact-dom[24m\cjs\react-dom.development.js:4164:14[90m)[39m
    at HTMLUnknownElement.callTheUserObjectsOperation [90m(C:\Users\ingga\OneDrive\Documentos\Nueva carpeta\Nicaquizz\test\[39mnode_modules\[4mjsdom[24m\lib\jsdom\living\generated\EventListener.js:26:30[90m)[39m
    at innerInvokeEventListeners [90m(C:\Users\ingga\OneDrive\Documentos\Nueva carpeta\Nicaquizz\test\[39mnode_modules\[4mjsdom[24m\lib\jsdom\living\events\EventTarget-impl.js:350:25[90m)[39m
    at invokeEventListeners [90m(C:\Users\ingga\OneDrive\Documentos\Nueva carpeta\Nicaquizz\test\[39mnode_modules\[4mjsdom[24m\lib\jsdom\living\events\EventTarget-impl.js:286:3[90m)[39m
    at HTMLUnknownElementImpl._dispatch [90m(C:\Users\ingga\OneDrive\Documentos\Nueva carpeta\Nicaquizz\test\[39mnode_modules\[4mjsdom[24m\lib\jsdom\living\events\EventTarget-impl.js:233:9[90m)[39m
The above error occurred in the <MemoryRouter> component:

    at MemoryRouter (file:///C:/Users/ingga/OneDrive/Documentos/Nueva%20carpeta/Nicaquizz/node_modules/react-router/dist/development/chunk-UVKPFVEO.mjs:6633:3)

Consider adding an error boundary to your tree to customize error handling behavior.
Visit https://reactjs.org/link/error-boundaries to learn more about error boundaries.

[90mstderr[2m | unitarios/componentes-nuevos.test.jsx[2m > [22m[2mNotifications.jsx - Centro de Avisos[2m > [22m[2mrenderiza el título del centro de avisos[22m[39m
Invalid hook call. Hooks can only be called inside of the body of a function component. This could happen for one of the following reasons:
1. You might have mismatching versions of React and the renderer (such as React DOM)
2. You might be breaking the Rules of Hooks
3. You might have more than one copy of React in the same app
See https://react.dev/link/invalid-hook-call for tips about how to debug and fix this problem.
Invalid hook call. Hooks can only be called inside of the body of a function component. This could happen for one of the following reasons:
1. You might have mismatching versions of React and the renderer (such as React DOM)
2. You might be breaking the Rules of Hooks
3. You might have more than one copy of React in the same app
See https://react.dev/link/invalid-hook-call for tips about how to debug and fix this problem.
Error: Uncaught [TypeError: Cannot read properties of null (reading 'useRef')]
    at reportException (C:\Users\ingga\OneDrive\Documentos\Nueva carpeta\Nicaquizz\test\node_modules\jsdom\lib\jsdom\living\helpers\runtime-script-errors.js:66:24)
    at innerInvokeEventListeners (C:\Users\ingga\OneDrive\Documentos\Nueva carpeta\Nicaquizz\test\node_modules\jsdom\lib\jsdom\living\events\EventTarget-impl.js:353:9)
    at invokeEventListeners (C:\Users\ingga\OneDrive\Documentos\Nueva carpeta\Nicaquizz\test\node_modules\jsdom\lib\jsdom\living\events\EventTarget-impl.js:286:3)
    at HTMLUnknownElementImpl._dispatch (C:\Users\ingga\OneDrive\Documentos\Nueva carpeta\Nicaquizz\test\node_modules\jsdom\lib\jsdom\living\events\EventTarget-impl.js:233:9)
    at HTMLUnknownElementImpl.dispatchEvent (C:\Users\ingga\OneDrive\Documentos\Nueva carpeta\Nicaquizz\test\node_modules\jsdom\lib\jsdom\living\events\EventTarget-impl.js:104:17)
    at HTMLUnknownElement.dispatchEvent (C:\Users\ingga\OneDrive\Documentos\Nueva carpeta\Nicaquizz\test\node_modules\jsdom\lib\jsdom\living\generated\EventTarget.js:241:34)
    at Object.invokeGuardedCallbackDev (C:\Users\ingga\OneDrive\Documentos\Nueva carpeta\Nicaquizz\test\node_modules\react-dom\cjs\react-dom.development.js:4213:16)
    at invokeGuardedCallback (C:\Users\ingga\OneDrive\Documentos\Nueva carpeta\Nicaquizz\test\node_modules\react-dom\cjs\react-dom.development.js:4277:31)
    at beginWork$1 (C:\Users\ingga\OneDrive\Documentos\Nueva carpeta\Nicaquizz\test\node_modules\react-dom\cjs\react-dom.development.js:27490:7)
    at performUnitOfWork (C:\Users\ingga\OneDrive\Documentos\Nueva carpeta\Nicaquizz\test\node_modules\react-dom\cjs\react-dom.development.js:26599:12) TypeError: Cannot read properties of null (reading 'useRef')
    at Module.process.env.NODE_ENV.exports.useRef (C:\Users\ingga\OneDrive\Documentos\Nueva carpeta\Nicaquizz\node_modules\[4mreact[24m\cjs\react.development.js:1260:33)
    at MemoryRouter (file:///C:/Users/ingga/OneDrive/Documentos/Nueva%20carpeta/Nicaquizz/node_modules/[4mreact-router[24m/dist/development/chunk-UVKPFVEO.mjs:6639:27)
    at renderWithHooks [90m(C:\Users\ingga\OneDrive\Documentos\Nueva carpeta\Nicaquizz\test\[39mnode_modules\[4mreact-dom[24m\cjs\react-dom.development.js:15486:18[90m)[39m
    at mountIndeterminateComponent [90m(C:\Users\ingga\OneDrive\Documentos\Nueva carpeta\Nicaquizz\test\[39mnode_modules\[4mreact-dom[24m\cjs\react-dom.development.js:20103:13[90m)[39m
    at beginWork [90m(C:\Users\ingga\OneDrive\Documentos\Nueva carpeta\Nicaquizz\test\[39mnode_modules\[4mreact-dom[24m\cjs\react-dom.development.js:21626:16[90m)[39m
    at HTMLUnknownElement.callCallback [90m(C:\Users\ingga\OneDrive\Documentos\Nueva carpeta\Nicaquizz\test\[39mnode_modules\[4mreact-dom[24m\cjs\react-dom.development.js:4164:14[90m)[39m
    at HTMLUnknownElement.callTheUserObjectsOperation [90m(C:\Users\ingga\OneDrive\Documentos\Nueva carpeta\Nicaquizz\test\[39mnode_modules\[4mjsdom[24m\lib\jsdom\living\generated\EventListener.js:26:30[90m)[39m
    at innerInvokeEventListeners [90m(C:\Users\ingga\OneDrive\Documentos\Nueva carpeta\Nicaquizz\test\[39mnode_modules\[4mjsdom[24m\lib\jsdom\living\events\EventTarget-impl.js:350:25[90m)[39m
    at invokeEventListeners [90m(C:\Users\ingga\OneDrive\Documentos\Nueva carpeta\Nicaquizz\test\[39mnode_modules\[4mjsdom[24m\lib\jsdom\living\events\EventTarget-impl.js:286:3[90m)[39m
    at HTMLUnknownElementImpl._dispatch [90m(C:\Users\ingga\OneDrive\Documentos\Nueva carpeta\Nicaquizz\test\[39mnode_modules\[4mjsdom[24m\lib\jsdom\living\events\EventTarget-impl.js:233:9[90m)[39m
Invalid hook call. Hooks can only be called inside of the body of a function component. This could happen for one of the following reasons:
1. You might have mismatching versions of React and the renderer (such as React DOM)
2. You might be breaking the Rules of Hooks
3. You might have more than one copy of React in the same app
See https://react.dev/link/invalid-hook-call for tips about how to debug and fix this problem.
Invalid hook call. Hooks can only be called inside of the body of a function component. This could happen for one of the following reasons:
1. You might have mismatching versions of React and the renderer (such as React DOM)
2. You might be breaking the Rules of Hooks
3. You might have more than one copy of React in the same app
See https://react.dev/link/invalid-hook-call for tips about how to debug and fix this problem.
Error: Uncaught [TypeError: Cannot read properties of null (reading 'useRef')]
    at reportException (C:\Users\ingga\OneDrive\Documentos\Nueva carpeta\Nicaquizz\test\node_modules\jsdom\lib\jsdom\living\helpers\runtime-script-errors.js:66:24)
    at innerInvokeEventListeners (C:\Users\ingga\OneDrive\Documentos\Nueva carpeta\Nicaquizz\test\node_modules\jsdom\lib\jsdom\living\events\EventTarget-impl.js:353:9)
    at invokeEventListeners (C:\Users\ingga\OneDrive\Documentos\Nueva carpeta\Nicaquizz\test\node_modules\jsdom\lib\jsdom\living\events\EventTarget-impl.js:286:3)
    at HTMLUnknownElementImpl._dispatch (C:\Users\ingga\OneDrive\Documentos\Nueva carpeta\Nicaquizz\test\node_modules\jsdom\lib\jsdom\living\events\EventTarget-impl.js:233:9)
    at HTMLUnknownElementImpl.dispatchEvent (C:\Users\ingga\OneDrive\Documentos\Nueva carpeta\Nicaquizz\test\node_modules\jsdom\lib\jsdom\living\events\EventTarget-impl.js:104:17)
    at HTMLUnknownElement.dispatchEvent (C:\Users\ingga\OneDrive\Documentos\Nueva carpeta\Nicaquizz\test\node_modules\jsdom\lib\jsdom\living\generated\EventTarget.js:241:34)
    at Object.invokeGuardedCallbackDev (C:\Users\ingga\OneDrive\Documentos\Nueva carpeta\Nicaquizz\test\node_modules\react-dom\cjs\react-dom.development.js:4213:16)
    at invokeGuardedCallback (C:\Users\ingga\OneDrive\Documentos\Nueva carpeta\Nicaquizz\test\node_modules\react-dom\cjs\react-dom.development.js:4277:31)
    at beginWork$1 (C:\Users\ingga\OneDrive\Documentos\Nueva carpeta\Nicaquizz\test\node_modules\react-dom\cjs\react-dom.development.js:27490:7)
    at performUnitOfWork (C:\Users\ingga\OneDrive\Documentos\Nueva carpeta\Nicaquizz\test\node_modules\react-dom\cjs\react-dom.development.js:26599:12) TypeError: Cannot read properties of null (reading 'useRef')
    at Module.process.env.NODE_ENV.exports.useRef (C:\Users\ingga\OneDrive\Documentos\Nueva carpeta\Nicaquizz\node_modules\[4mreact[24m\cjs\react.development.js:1260:33)
    at MemoryRouter (file:///C:/Users/ingga/OneDrive/Documentos/Nueva%20carpeta/Nicaquizz/node_modules/[4mreact-router[24m/dist/development/chunk-UVKPFVEO.mjs:6639:27)
    at renderWithHooks [90m(C:\Users\ingga\OneDrive\Documentos\Nueva carpeta\Nicaquizz\test\[39mnode_modules\[4mreact-dom[24m\cjs\react-dom.development.js:15486:18[90m)[39m
    at mountIndeterminateComponent [90m(C:\Users\ingga\OneDrive\Documentos\Nueva carpeta\Nicaquizz\test\[39mnode_modules\[4mreact-dom[24m\cjs\react-dom.development.js:20103:13[90m)[39m
    at beginWork [90m(C:\Users\ingga\OneDrive\Documentos\Nueva carpeta\Nicaquizz\test\[39mnode_modules\[4mreact-dom[24m\cjs\react-dom.development.js:21626:16[90m)[39m
    at HTMLUnknownElement.callCallback [90m(C:\Users\ingga\OneDrive\Documentos\Nueva carpeta\Nicaquizz\test\[39mnode_modules\[4mreact-dom[24m\cjs\react-dom.development.js:4164:14[90m)[39m
    at HTMLUnknownElement.callTheUserObjectsOperation [90m(C:\Users\ingga\OneDrive\Documentos\Nueva carpeta\Nicaquizz\test\[39mnode_modules\[4mjsdom[24m\lib\jsdom\living\generated\EventListener.js:26:30[90m)[39m
    at innerInvokeEventListeners [90m(C:\Users\ingga\OneDrive\Documentos\Nueva carpeta\Nicaquizz\test\[39mnode_modules\[4mjsdom[24m\lib\jsdom\living\events\EventTarget-impl.js:350:25[90m)[39m
    at invokeEventListeners [90m(C:\Users\ingga\OneDrive\Documentos\Nueva carpeta\Nicaquizz\test\[39mnode_modules\[4mjsdom[24m\lib\jsdom\living\events\EventTarget-impl.js:286:3[90m)[39m
    at HTMLUnknownElementImpl._dispatch [90m(C:\Users\ingga\OneDrive\Documentos\Nueva carpeta\Nicaquizz\test\[39mnode_modules\[4mjsdom[24m\lib\jsdom\living\events\EventTarget-impl.js:233:9[90m)[39m
The above error occurred in the <MemoryRouter> component:

    at MemoryRouter (file:///C:/Users/ingga/OneDrive/Documentos/Nueva%20carpeta/Nicaquizz/node_modules/react-router/dist/development/chunk-UVKPFVEO.mjs:6633:3)

Consider adding an error boundary to your tree to customize error handling behavior.
Visit https://reactjs.org/link/error-boundaries to learn more about error boundaries.

[90mstderr[2m | unitarios/componentes-nuevos.test.jsx[2m > [22m[2mChallenge.jsx - Configuración del Duelo[2m > [22m[2mrenderiza la configuración del duelo[22m[39m
Invalid hook call. Hooks can only be called inside of the body of a function component. This could happen for one of the following reasons:
1. You might have mismatching versions of React and the renderer (such as React DOM)
2. You might be breaking the Rules of Hooks
3. You might have more than one copy of React in the same app
See https://react.dev/link/invalid-hook-call for tips about how to debug and fix this problem.
Invalid hook call. Hooks can only be called inside of the body of a function component. This could happen for one of the following reasons:
1. You might have mismatching versions of React and the renderer (such as React DOM)
2. You might be breaking the Rules of Hooks
3. You might have more than one copy of React in the same app
See https://react.dev/link/invalid-hook-call for tips about how to debug and fix this problem.
Error: Uncaught [TypeError: Cannot read properties of null (reading 'useRef')]
    at reportException (C:\Users\ingga\OneDrive\Documentos\Nueva carpeta\Nicaquizz\test\node_modules\jsdom\lib\jsdom\living\helpers\runtime-script-errors.js:66:24)
    at innerInvokeEventListeners (C:\Users\ingga\OneDrive\Documentos\Nueva carpeta\Nicaquizz\test\node_modules\jsdom\lib\jsdom\living\events\EventTarget-impl.js:353:9)
    at invokeEventListeners (C:\Users\ingga\OneDrive\Documentos\Nueva carpeta\Nicaquizz\test\node_modules\jsdom\lib\jsdom\living\events\EventTarget-impl.js:286:3)
    at HTMLUnknownElementImpl._dispatch (C:\Users\ingga\OneDrive\Documentos\Nueva carpeta\Nicaquizz\test\node_modules\jsdom\lib\jsdom\living\events\EventTarget-impl.js:233:9)
    at HTMLUnknownElementImpl.dispatchEvent (C:\Users\ingga\OneDrive\Documentos\Nueva carpeta\Nicaquizz\test\node_modules\jsdom\lib\jsdom\living\events\EventTarget-impl.js:104:17)
    at HTMLUnknownElement.dispatchEvent (C:\Users\ingga\OneDrive\Documentos\Nueva carpeta\Nicaquizz\test\node_modules\jsdom\lib\jsdom\living\generated\EventTarget.js:241:34)
    at Object.invokeGuardedCallbackDev (C:\Users\ingga\OneDrive\Documentos\Nueva carpeta\Nicaquizz\test\node_modules\react-dom\cjs\react-dom.development.js:4213:16)
    at invokeGuardedCallback (C:\Users\ingga\OneDrive\Documentos\Nueva carpeta\Nicaquizz\test\node_modules\react-dom\cjs\react-dom.development.js:4277:31)
    at beginWork$1 (C:\Users\ingga\OneDrive\Documentos\Nueva carpeta\Nicaquizz\test\node_modules\react-dom\cjs\react-dom.development.js:27490:7)
    at performUnitOfWork (C:\Users\ingga\OneDrive\Documentos\Nueva carpeta\Nicaquizz\test\node_modules\react-dom\cjs\react-dom.development.js:26599:12) TypeError: Cannot read properties of null (reading 'useRef')
    at Module.process.env.NODE_ENV.exports.useRef (C:\Users\ingga\OneDrive\Documentos\Nueva carpeta\Nicaquizz\node_modules\[4mreact[24m\cjs\react.development.js:1260:33)
    at MemoryRouter (file:///C:/Users/ingga/OneDrive/Documentos/Nueva%20carpeta/Nicaquizz/node_modules/[4mreact-router[24m/dist/development/chunk-UVKPFVEO.mjs:6639:27)
    at renderWithHooks [90m(C:\Users\ingga\OneDrive\Documentos\Nueva carpeta\Nicaquizz\test\[39mnode_modules\[4mreact-dom[24m\cjs\react-dom.development.js:15486:18[90m)[39m
    at mountIndeterminateComponent [90m(C:\Users\ingga\OneDrive\Documentos\Nueva carpeta\Nicaquizz\test\[39mnode_modules\[4mreact-dom[24m\cjs\react-dom.development.js:20103:13[90m)[39m
    at beginWork [90m(C:\Users\ingga\OneDrive\Documentos\Nueva carpeta\Nicaquizz\test\[39mnode_modules\[4mreact-dom[24m\cjs\react-dom.development.js:21626:16[90m)[39m
    at HTMLUnknownElement.callCallback [90m(C:\Users\ingga\OneDrive\Documentos\Nueva carpeta\Nicaquizz\test\[39mnode_modules\[4mreact-dom[24m\cjs\react-dom.development.js:4164:14[90m)[39m
    at HTMLUnknownElement.callTheUserObjectsOperation [90m(C:\Users\ingga\OneDrive\Documentos\Nueva carpeta\Nicaquizz\test\[39mnode_modules\[4mjsdom[24m\lib\jsdom\living\generated\EventListener.js:26:30[90m)[39m
    at innerInvokeEventListeners [90m(C:\Users\ingga\OneDrive\Documentos\Nueva carpeta\Nicaquizz\test\[39mnode_modules\[4mjsdom[24m\lib\jsdom\living\events\EventTarget-impl.js:350:25[90m)[39m
    at invokeEventListeners [90m(C:\Users\ingga\OneDrive\Documentos\Nueva carpeta\Nicaquizz\test\[39mnode_modules\[4mjsdom[24m\lib\jsdom\living\events\EventTarget-impl.js:286:3[90m)[39m
    at HTMLUnknownElementImpl._dispatch [90m(C:\Users\ingga\OneDrive\Documentos\Nueva carpeta\Nicaquizz\test\[39mnode_modules\[4mjsdom[24m\lib\jsdom\living\events\EventTarget-impl.js:233:9[90m)[39m
Invalid hook call. Hooks can only be called inside of the body of a function component. This could happen for one of the following reasons:
1. You might have mismatching versions of React and the renderer (such as React DOM)
2. You might be breaking the Rules of Hooks
3. You might have more than one copy of React in the same app
See https://react.dev/link/invalid-hook-call for tips about how to debug and fix this problem.
Invalid hook call. Hooks can only be called inside of the body of a function component. This could happen for one of the following reasons:
1. You might have mismatching versions of React and the renderer (such as React DOM)
2. You might be breaking the Rules of Hooks
3. You might have more than one copy of React in the same app
See https://react.dev/link/invalid-hook-call for tips about how to debug and fix this problem.
Error: Uncaught [TypeError: Cannot read properties of null (reading 'useRef')]
    at reportException (C:\Users\ingga\OneDrive\Documentos\Nueva carpeta\Nicaquizz\test\node_modules\jsdom\lib\jsdom\living\helpers\runtime-script-errors.js:66:24)
    at innerInvokeEventListeners (C:\Users\ingga\OneDrive\Documentos\Nueva carpeta\Nicaquizz\test\node_modules\jsdom\lib\jsdom\living\events\EventTarget-impl.js:353:9)
    at invokeEventListeners (C:\Users\ingga\OneDrive\Documentos\Nueva carpeta\Nicaquizz\test\node_modules\jsdom\lib\jsdom\living\events\EventTarget-impl.js:286:3)
    at HTMLUnknownElementImpl._dispatch (C:\Users\ingga\OneDrive\Documentos\Nueva carpeta\Nicaquizz\test\node_modules\jsdom\lib\jsdom\living\events\EventTarget-impl.js:233:9)
    at HTMLUnknownElementImpl.dispatchEvent (C:\Users\ingga\OneDrive\Documentos\Nueva carpeta\Nicaquizz\test\node_modules\jsdom\lib\jsdom\living\events\EventTarget-impl.js:104:17)
    at HTMLUnknownElement.dispatchEvent (C:\Users\ingga\OneDrive\Documentos\Nueva carpeta\Nicaquizz\test\node_modules\jsdom\lib\jsdom\living\generated\EventTarget.js:241:34)
    at Object.invokeGuardedCallbackDev (C:\Users\ingga\OneDrive\Documentos\Nueva carpeta\Nicaquizz\test\node_modules\react-dom\cjs\react-dom.development.js:4213:16)
    at invokeGuardedCallback (C:\Users\ingga\OneDrive\Documentos\Nueva carpeta\Nicaquizz\test\node_modules\react-dom\cjs\react-dom.development.js:4277:31)
    at beginWork$1 (C:\Users\ingga\OneDrive\Documentos\Nueva carpeta\Nicaquizz\test\node_modules\react-dom\cjs\react-dom.development.js:27490:7)
    at performUnitOfWork (C:\Users\ingga\OneDrive\Documentos\Nueva carpeta\Nicaquizz\test\node_modules\react-dom\cjs\react-dom.development.js:26599:12) TypeError: Cannot read properties of null (reading 'useRef')
    at Module.process.env.NODE_ENV.exports.useRef (C:\Users\ingga\OneDrive\Documentos\Nueva carpeta\Nicaquizz\node_modules\[4mreact[24m\cjs\react.development.js:1260:33)
    at MemoryRouter (file:///C:/Users/ingga/OneDrive/Documentos/Nueva%20carpeta/Nicaquizz/node_modules/[4mreact-router[24m/dist/development/chunk-UVKPFVEO.mjs:6639:27)
    at renderWithHooks [90m(C:\Users\ingga\OneDrive\Documentos\Nueva carpeta\Nicaquizz\test\[39mnode_modules\[4mreact-dom[24m\cjs\react-dom.development.js:15486:18[90m)[39m
    at mountIndeterminateComponent [90m(C:\Users\ingga\OneDrive\Documentos\Nueva carpeta\Nicaquizz\test\[39mnode_modules\[4mreact-dom[24m\cjs\react-dom.development.js:20103:13[90m)[39m
    at beginWork [90m(C:\Users\ingga\OneDrive\Documentos\Nueva carpeta\Nicaquizz\test\[39mnode_modules\[4mreact-dom[24m\cjs\react-dom.development.js:21626:16[90m)[39m
    at HTMLUnknownElement.callCallback [90m(C:\Users\ingga\OneDrive\Documentos\Nueva carpeta\Nicaquizz\test\[39mnode_modules\[4mreact-dom[24m\cjs\react-dom.development.js:4164:14[90m)[39m
    at HTMLUnknownElement.callTheUserObjectsOperation [90m(C:\Users\ingga\OneDrive\Documentos\Nueva carpeta\Nicaquizz\test\[39mnode_modules\[4mjsdom[24m\lib\jsdom\living\generated\EventListener.js:26:30[90m)[39m
    at innerInvokeEventListeners [90m(C:\Users\ingga\OneDrive\Documentos\Nueva carpeta\Nicaquizz\test\[39mnode_modules\[4mjsdom[24m\lib\jsdom\living\events\EventTarget-impl.js:350:25[90m)[39m
    at invokeEventListeners [90m(C:\Users\ingga\OneDrive\Documentos\Nueva carpeta\Nicaquizz\test\[39mnode_modules\[4mjsdom[24m\lib\jsdom\living\events\EventTarget-impl.js:286:3[90m)[39m
    at HTMLUnknownElementImpl._dispatch [90m(C:\Users\ingga\OneDrive\Documentos\Nueva carpeta\Nicaquizz\test\[39mnode_modules\[4mjsdom[24m\lib\jsdom\living\events\EventTarget-impl.js:233:9[90m)[39m
The above error occurred in the <MemoryRouter> component:

    at MemoryRouter (file:///C:/Users/ingga/OneDrive/Documentos/Nueva%20carpeta/Nicaquizz/node_modules/react-router/dist/development/chunk-UVKPFVEO.mjs:6633:3)

Consider adding an error boundary to your tree to customize error handling behavior.
Visit https://reactjs.org/link/error-boundaries to learn more about error boundaries.


[31m⎯⎯⎯⎯⎯⎯[1m[7m Failed Tests 28 [27m[22m⎯⎯⎯⎯⎯⎯⎯[39m

[31m[1m[7m FAIL [27m[22m[39m integracion/servicios-nuevos.test.js[2m > [22mfirestore-extensions.js - Mapa de Conquista[2m > [22mgetDepartments[2m > [22mobtiene todos los departamentos ordenados
[31m[1mReferenceError[22m: collection is not defined[39m
[36m [2m❯[22m Module.getDepartments ../src/services/firestore-extensions.js:[2m8:28[22m[39m
    [90m  6| [39m[35mexport[39m [35masync[39m [35mfunction[39m [34mgetDepartments[39m() {
    [90m  7| [39m  [35mtry[39m {
    [90m  8| [39m    [35mconst[39m departmentsRef [33m=[39m [34mcollection[39m(db[33m,[39m [32m'departments'[39m)[33m;[39m
    [90m   | [39m                           [31m^[39m
    [90m  9| [39m    [35mconst[39m q [33m=[39m [34mquery[39m(departmentsRef[33m,[39m [34morderBy[39m([32m'nombre'[39m[33m,[39m [32m'asc'[39m))[33m;[39m
    [90m 10| [39m    [35mconst[39m snapshot [33m=[39m [35mawait[39m [34mgetDocs[39m(q)[33m;[39m
[90m [2m❯[22m integracion/servicios-nuevos.test.js:[2m62:28[22m[39m

[31m[2m⎯⎯⎯⎯⎯⎯⎯⎯⎯⎯⎯⎯⎯⎯⎯⎯⎯⎯⎯⎯⎯⎯⎯[1/28]⎯[22m[39m

[31m[1m[7m FAIL [27m[22m[39m integracion/servicios-nuevos.test.js[2m > [22mfirestore-extensions.js - Mapa de Conquista[2m > [22mgetDepartments[2m > [22mmaneja errores al obtener departamentos
[31m[1mAssertionError[22m: expected [Function] to throw error including 'Firestore error' but got 'collection is not defined'[39m

[32m- Expected[39m
[31m+ Received[39m

[32m- Firestore error[39m
[31m+ collection is not defined[39m

[31m[2m⎯⎯⎯⎯⎯⎯⎯⎯⎯⎯⎯⎯⎯⎯⎯⎯⎯⎯⎯⎯⎯⎯⎯[2/28]⎯[22m[39m

[31m[1m[7m FAIL [27m[22m[39m integracion/servicios-nuevos.test.js[2m > [22mfirestore-extensions.js - Mapa de Conquista[2m > [22mgetDepartmentById[2m > [22mobtiene un departamento por ID
[31m[1mReferenceError[22m: doc is not defined[39m
[36m [2m❯[22m Module.getDepartmentById ../src/services/firestore-extensions.js:[2m24:20[22m[39m
    [90m 22| [39m[35mexport[39m [35masync[39m [35mfunction[39m [34mgetDepartmentById[39m(id) {
    [90m 23| [39m  [35mtry[39m {
    [90m 24| [39m    [35mconst[39m docRef [33m=[39m [34mdoc[39m(db[33m,[39m [32m'departments'[39m[33m,[39m id)[33m;[39m
    [90m   | [39m                   [31m^[39m
    [90m 25| [39m    [35mconst[39m docSnap [33m=[39m [35mawait[39m [34mgetDoc[39m(docRef)[33m;[39m
    [90m 26| [39m
[90m [2m❯[22m integracion/servicios-nuevos.test.js:[2m95:28[22m[39m

[31m[2m⎯⎯⎯⎯⎯⎯⎯⎯⎯⎯⎯⎯⎯⎯⎯⎯⎯⎯⎯⎯⎯⎯⎯[3/28]⎯[22m[39m

[31m[1m[7m FAIL [27m[22m[39m integracion/servicios-nuevos.test.js[2m > [22mfirestore-extensions.js - Mapa de Conquista[2m > [22mgetDepartmentById[2m > [22mretorna null si el departamento no existe
[31m[1mReferenceError[22m: doc is not defined[39m
[36m [2m❯[22m Module.getDepartmentById ../src/services/firestore-extensions.js:[2m24:20[22m[39m
    [90m 22| [39m[35mexport[39m [35masync[39m [35mfunction[39m [34mgetDepartmentById[39m(id) {
    [90m 23| [39m  [35mtry[39m {
    [90m 24| [39m    [35mconst[39m docRef [33m=[39m [34mdoc[39m(db[33m,[39m [32m'departments'[39m[33m,[39m id)[33m;[39m
    [90m   | [39m                   [31m^[39m
    [90m 25| [39m    [35mconst[39m docSnap [33m=[39m [35mawait[39m [34mgetDoc[39m(docRef)[33m;[39m
    [90m 26| [39m
[90m [2m❯[22m integracion/servicios-nuevos.test.js:[2m107:28[22m[39m

[31m[2m⎯⎯⎯⎯⎯⎯⎯⎯⎯⎯⎯⎯⎯⎯⎯⎯⎯⎯⎯⎯⎯⎯⎯[4/28]⎯[22m[39m

[31m[1m[7m FAIL [27m[22m[39m integracion/servicios-nuevos.test.js[2m > [22mfirestore-extensions.js - Mapa de Conquista[2m > [22mgetRegionalLeaders[2m > [22mobtiene todos los líderes activos
[31m[1mReferenceError[22m: collection is not defined[39m
[36m [2m❯[22m Module.getRegionalLeaders ../src/services/firestore-extensions.js:[2m42:24[22m[39m
    [90m 40| [39m[35mexport[39m [35masync[39m [35mfunction[39m [34mgetRegionalLeaders[39m(departmentId [33m=[39m [35mnull[39m) {
    [90m 41| [39m  [35mtry[39m {
    [90m 42| [39m    [35mconst[39m leadersRef [33m=[39m [34mcollection[39m(db[33m,[39m [32m'regionalLeaders'[39m)[33m;[39m
    [90m   | [39m                       [31m^[39m
    [90m 43| [39m    [35mlet[39m q [33m=[39m [34mquery[39m(leadersRef[33m,[39m [34mwhere[39m([32m'activo'[39m[33m,[39m [32m'=='[39m[33m,[39m [35mtrue[39m))[33m;[39m
    [90m 44| [39m
[90m [2m❯[22m integracion/servicios-nuevos.test.js:[2m130:28[22m[39m

[31m[2m⎯⎯⎯⎯⎯⎯⎯⎯⎯⎯⎯⎯⎯⎯⎯⎯⎯⎯⎯⎯⎯⎯⎯[5/28]⎯[22m[39m

[31m[1m[7m FAIL [27m[22m[39m integracion/servicios-nuevos.test.js[2m > [22mfirestore-extensions.js - Mapa de Conquista[2m > [22mgetRegionalLeaders[2m > [22mobtiene líderes de un departamento específico
[31m[1mReferenceError[22m: collection is not defined[39m
[36m [2m❯[22m Module.getRegionalLeaders ../src/services/firestore-extensions.js:[2m42:24[22m[39m
    [90m 40| [39m[35mexport[39m [35masync[39m [35mfunction[39m [34mgetRegionalLeaders[39m(departmentId [33m=[39m [35mnull[39m) {
    [90m 41| [39m  [35mtry[39m {
    [90m 42| [39m    [35mconst[39m leadersRef [33m=[39m [34mcollection[39m(db[33m,[39m [32m'regionalLeaders'[39m)[33m;[39m
    [90m   | [39m                       [31m^[39m
    [90m 43| [39m    [35mlet[39m q [33m=[39m [34mquery[39m(leadersRef[33m,[39m [34mwhere[39m([32m'activo'[39m[33m,[39m [32m'=='[39m[33m,[39m [35mtrue[39m))[33m;[39m
    [90m 44| [39m
[90m [2m❯[22m integracion/servicios-nuevos.test.js:[2m151:28[22m[39m

[31m[2m⎯⎯⎯⎯⎯⎯⎯⎯⎯⎯⎯⎯⎯⎯⎯⎯⎯⎯⎯⎯⎯⎯⎯[6/28]⎯[22m[39m

[31m[1m[7m FAIL [27m[22m[39m integracion/servicios-nuevos.test.js[2m > [22mfirestore-extensions.js - Mapa de Conquista[2m > [22mgetUserConquestProgress[2m > [22mobtiene el progreso de conquista del usuario
[31m[1mReferenceError[22m: doc is not defined[39m
[36m [2m❯[22m Module.getUserConquestProgress ../src/services/firestore-extensions.js:[2m62:21[22m[39m
    [90m 60| [39m[35mexport[39m [35masync[39m [35mfunction[39m [34mgetUserConquestProgress[39m(uid) {
    [90m 61| [39m  [35mtry[39m {
    [90m 62| [39m    [35mconst[39m userRef [33m=[39m [34mdoc[39m(db[33m,[39m [32m'users'[39m[33m,[39m uid)[33m;[39m
    [90m   | [39m                    [31m^[39m
    [90m 63| [39m    [35mconst[39m userSnap [33m=[39m [35mawait[39m [34mgetDoc[39m(userRef)[33m;[39m
    [90m 64| [39m
[90m [2m❯[22m integracion/servicios-nuevos.test.js:[2m172:28[22m[39m

[31m[2m⎯⎯⎯⎯⎯⎯⎯⎯⎯⎯⎯⎯⎯⎯⎯⎯⎯⎯⎯⎯⎯⎯⎯[7/28]⎯[22m[39m

[31m[1m[7m FAIL [27m[22m[39m integracion/servicios-nuevos.test.js[2m > [22mfirestore-extensions.js - Mapa de Conquista[2m > [22mgetUserConquestProgress[2m > [22mretorna valores por defecto si no hay progreso
[31m[1mReferenceError[22m: doc is not defined[39m
[36m [2m❯[22m Module.getUserConquestProgress ../src/services/firestore-extensions.js:[2m62:21[22m[39m
    [90m 60| [39m[35mexport[39m [35masync[39m [35mfunction[39m [34mgetUserConquestProgress[39m(uid) {
    [90m 61| [39m  [35mtry[39m {
    [90m 62| [39m    [35mconst[39m userRef [33m=[39m [34mdoc[39m(db[33m,[39m [32m'users'[39m[33m,[39m uid)[33m;[39m
    [90m   | [39m                    [31m^[39m
    [90m 63| [39m    [35mconst[39m userSnap [33m=[39m [35mawait[39m [34mgetDoc[39m(userRef)[33m;[39m
    [90m 64| [39m
[90m [2m❯[22m integracion/servicios-nuevos.test.js:[2m185:28[22m[39m

[31m[2m⎯⎯⎯⎯⎯⎯⎯⎯⎯⎯⎯⎯⎯⎯⎯⎯⎯⎯⎯⎯⎯⎯⎯[8/28]⎯[22m[39m

[31m[1m[7m FAIL [27m[22m[39m integracion/servicios-nuevos.test.js[2m > [22mfirestore-extensions.js - Mapa de Conquista[2m > [22mgetUserConquestProgress[2m > [22mmaneja usuario inexistente
[31m[1mReferenceError[22m: doc is not defined[39m
[36m [2m❯[22m Module.getUserConquestProgress ../src/services/firestore-extensions.js:[2m62:21[22m[39m
    [90m 60| [39m[35mexport[39m [35masync[39m [35mfunction[39m [34mgetUserConquestProgress[39m(uid) {
    [90m 61| [39m  [35mtry[39m {
    [90m 62| [39m    [35mconst[39m userRef [33m=[39m [34mdoc[39m(db[33m,[39m [32m'users'[39m[33m,[39m uid)[33m;[39m
    [90m   | [39m                    [31m^[39m
    [90m 63| [39m    [35mconst[39m userSnap [33m=[39m [35mawait[39m [34mgetDoc[39m(userRef)[33m;[39m
    [90m 64| [39m
[90m [2m❯[22m integracion/servicios-nuevos.test.js:[2m197:28[22m[39m

[31m[2m⎯⎯⎯⎯⎯⎯⎯⎯⎯⎯⎯⎯⎯⎯⎯⎯⎯⎯⎯⎯⎯⎯⎯[9/28]⎯[22m[39m

[31m[1m[7m FAIL [27m[22m[39m integracion/servicios-nuevos.test.js[2m > [22mfirestore-extensions.js - Mapa de Conquista[2m > [22mupdateUserConquestProgress[2m > [22mactualiza el progreso de conquista
[31m[1mReferenceError[22m: doc is not defined[39m
[36m [2m❯[22m Module.updateUserConquestProgress ../src/services/firestore-extensions.js:[2m85:21[22m[39m
    [90m 83| [39m[35mexport[39m [35masync[39m [35mfunction[39m [34mupdateUserConquestProgress[39m(uid[33m,[39m departmentId) {
    [90m 84| [39m  [35mtry[39m {
    [90m 85| [39m    [35mconst[39m userRef [33m=[39m [34mdoc[39m(db[33m,[39m [32m'users'[39m[33m,[39m uid)[33m;[39m
    [90m   | [39m                    [31m^[39m
    [90m 86| [39m    [35mawait[39m [34mupdateDoc[39m(userRef[33m,[39m {
    [90m 87| [39m      [[32m`departamentosConquistados`[39m][33m:[39m [34marrayUnion[39m(departmentId)[33m,[39m
[90m [2m❯[22m integracion/servicios-nuevos.test.js:[2m212:28[22m[39m

[31m[2m⎯⎯⎯⎯⎯⎯⎯⎯⎯⎯⎯⎯⎯⎯⎯⎯⎯⎯⎯⎯⎯⎯[10/28]⎯[22m[39m

[31m[1m[7m FAIL [27m[22m[39m integracion/servicios-nuevos.test.js[2m > [22mfirestore-extensions.js - Mapa de Conquista[2m > [22mupdateUserConquestProgress[2m > [22mmaneja errores al actualizar progreso
[31m[1m[7m FAIL [27m[22m[39m integracion/servicios-nuevos.test.js[2m > [22mfirestore-extensions.js - Notificaciones[2m > [22mmarkNotificationAsRead[2m > [22mmaneja errores al marcar como leída
[31m[1mAssertionError[22m: expected [Function] to throw error including 'Update error' but got 'doc is not defined'[39m

[32m- Expected[39m
[31m+ Received[39m

[32m- Update error[39m
[31m+ doc is not defined[39m

[31m[2m⎯⎯⎯⎯⎯⎯⎯⎯⎯⎯⎯⎯⎯⎯⎯⎯⎯⎯⎯⎯⎯⎯[11/28]⎯[22m[39m

[31m[1m[7m FAIL [27m[22m[39m integracion/servicios-nuevos.test.js[2m > [22mfirestore-extensions.js - Notificaciones[2m > [22mgetUserNotifications[2m > [22mobtiene notificaciones del usuario ordenadas por fecha
[31m[1mReferenceError[22m: collection is not defined[39m
[36m [2m❯[22m Module.getUserNotifications ../src/services/firestore-extensions.js:[2m106:30[22m[39m
    [90m104| [39m[35mexport[39m [35masync[39m [35mfunction[39m [34mgetUserNotifications[39m(uid[33m,[39m limitCount [33m=[39m [34m50[39m) {
    [90m105| [39m  [35mtry[39m {
    [90m106| [39m    [35mconst[39m notificationsRef [33m=[39m [34mcollection[39m(db[33m,[39m [32m'notifications'[39m)[33m;[39m
    [90m   | [39m                             [31m^[39m
    [90m107| [39m    [35mconst[39m q [33m=[39m [34mquery[39m(
    [90m108| [39m      notificationsRef[33m,[39m
[90m [2m❯[22m integracion/servicios-nuevos.test.js:[2m248:28[22m[39m

[31m[2m⎯⎯⎯⎯⎯⎯⎯⎯⎯⎯⎯⎯⎯⎯⎯⎯⎯⎯⎯⎯⎯⎯[12/28]⎯[22m[39m

[31m[1m[7m FAIL [27m[22m[39m integracion/servicios-nuevos.test.js[2m > [22mfirestore-extensions.js - Notificaciones[2m > [22mgetUserNotifications[2m > [22mlimita el número de notificaciones
[31m[1mReferenceError[22m: collection is not defined[39m
[36m [2m❯[22m Module.getUserNotifications ../src/services/firestore-extensions.js:[2m106:30[22m[39m
    [90m104| [39m[35mexport[39m [35masync[39m [35mfunction[39m [34mgetUserNotifications[39m(uid[33m,[39m limitCount [33m=[39m [34m50[39m) {
    [90m105| [39m  [35mtry[39m {
    [90m106| [39m    [35mconst[39m notificationsRef [33m=[39m [34mcollection[39m(db[33m,[39m [32m'notifications'[39m)[33m;[39m
    [90m   | [39m                             [31m^[39m
    [90m107| [39m    [35mconst[39m q [33m=[39m [34mquery[39m(
    [90m108| [39m      notificationsRef[33m,[39m
[90m [2m❯[22m integracion/servicios-nuevos.test.js:[2m262:13[22m[39m

[31m[2m⎯⎯⎯⎯⎯⎯⎯⎯⎯⎯⎯⎯⎯⎯⎯⎯⎯⎯⎯⎯⎯⎯[13/28]⎯[22m[39m

[31m[1m[7m FAIL [27m[22m[39m integracion/servicios-nuevos.test.js[2m > [22mfirestore-extensions.js - Notificaciones[2m > [22mcreateNotification[2m > [22mcrea una notificación correctamente
[31m[1mReferenceError[22m: collection is not defined[39m
[36m [2m❯[22m Module.createNotification ../src/services/firestore-extensions.js:[2m127:30[22m[39m
    [90m125| [39m[35mexport[39m [35masync[39m [35mfunction[39m [34mcreateNotification[39m(userId[33m,[39m tipo[33m,[39m titulo[33m,[39m mensaje…
    [90m126| [39m  [35mtry[39m {
    [90m127| [39m    [35mconst[39m notificationsRef [33m=[39m [34mcollection[39m(db[33m,[39m [32m'notifications'[39m)[33m;[39m
    [90m   | [39m                             [31m^[39m
    [90m128| [39m    [35mawait[39m [34maddDoc[39m(notificationsRef[33m,[39m {
    [90m129| [39m      userId[33m,[39m
[90m [2m❯[22m integracion/servicios-nuevos.test.js:[2m274:28[22m[39m

[31m[2m⎯⎯⎯⎯⎯⎯⎯⎯⎯⎯⎯⎯⎯⎯⎯⎯⎯⎯⎯⎯⎯⎯[14/28]⎯[22m[39m

[31m[1m[7m FAIL [27m[22m[39m integracion/servicios-nuevos.test.js[2m > [22mfirestore-extensions.js - Notificaciones[2m > [22mcreateNotification[2m > [22mcrea notificación sin datos adicionales
[31m[1mReferenceError[22m: collection is not defined[39m
[36m [2m❯[22m Module.createNotification ../src/services/firestore-extensions.js:[2m127:30[22m[39m
    [90m125| [39m[35mexport[39m [35masync[39m [35mfunction[39m [34mcreateNotification[39m(userId[33m,[39m tipo[33m,[39m titulo[33m,[39m mensaje…
    [90m126| [39m  [35mtry[39m {
    [90m127| [39m    [35mconst[39m notificationsRef [33m=[39m [34mcollection[39m(db[33m,[39m [32m'notifications'[39m)[33m;[39m
    [90m   | [39m                             [31m^[39m
    [90m128| [39m    [35mawait[39m [34maddDoc[39m(notificationsRef[33m,[39m {
    [90m129| [39m      userId[33m,[39m
[90m [2m❯[22m integracion/servicios-nuevos.test.js:[2m290:28[22m[39m

[31m[2m⎯⎯⎯⎯⎯⎯⎯⎯⎯⎯⎯⎯⎯⎯⎯⎯⎯⎯⎯⎯⎯⎯[15/28]⎯[22m[39m

[31m[1m[7m FAIL [27m[22m[39m integracion/servicios-nuevos.test.js[2m > [22mfirestore-extensions.js - Notificaciones[2m > [22mcreateNotification[2m > [22mmaneja errores al crear notificación
[31m[1mAssertionError[22m: expected [Function] to throw error including 'Create error' but got 'collection is not defined'[39m

[32m- Expected[39m
[31m+ Received[39m

[32m- Create error[39m
[31m+ collection is not defined[39m

[31m[2m⎯⎯⎯⎯⎯⎯⎯⎯⎯⎯⎯⎯⎯⎯⎯⎯⎯⎯⎯⎯⎯⎯[16/28]⎯[22m[39m

[31m[1m[7m FAIL [27m[22m[39m integracion/servicios-nuevos.test.js[2m > [22mfirestore-extensions.js - Notificaciones[2m > [22mmarkNotificationAsRead[2m > [22mmarca una notificación como leída
[31m[1mReferenceError[22m: doc is not defined[39m
[36m [2m❯[22m Module.markNotificationAsRead ../src/services/firestore-extensions.js:[2m150:29[22m[39m
    [90m148| [39m[35mexport[39m [35masync[39m [35mfunction[39m [34mmarkNotificationAsRead[39m(notificationId) {
    [90m149| [39m  [35mtry[39m {
    [90m150| [39m    [35mconst[39m notificationRef [33m=[39m [34mdoc[39m(db[33m,[39m [32m'notifications'[39m[33m,[39m notificationId)[33m;[39m
    [90m   | [39m                            [31m^[39m
    [90m151| [39m    [35mawait[39m [34mupdateDoc[39m(notificationRef[33m,[39m {
    [90m152| [39m      leido[33m:[39m [35mtrue[39m[33m,[39m
[90m [2m❯[22m integracion/servicios-nuevos.test.js:[2m314:28[22m[39m

[31m[2m⎯⎯⎯⎯⎯⎯⎯⎯⎯⎯⎯⎯⎯⎯⎯⎯⎯⎯⎯⎯⎯⎯[17/28]⎯[22m[39m

[31m[1m[7m FAIL [27m[22m[39m integracion/servicios-nuevos.test.js[2m > [22mfirestore-extensions.js - Notificaciones[2m > [22mmarkAllNotificationsAsRead[2m > [22mmarca todas las notificaciones como leídas
[31m[1mReferenceError[22m: collection is not defined[39m
[36m [2m❯[22m Module.markAllNotificationsAsRead ../src/services/firestore-extensions.js:[2m168:30[22m[39m
    [90m166| [39m[35mexport[39m [35masync[39m [35mfunction[39m [34mmarkAllNotificationsAsRead[39m(userId) {
    [90m167| [39m  [35mtry[39m {
    [90m168| [39m    [35mconst[39m notificationsRef [33m=[39m [34mcollection[39m(db[33m,[39m [32m'notifications'[39m)[33m;[39m
    [90m   | [39m                             [31m^[39m
    [90m169| [39m    [35mconst[39m q [33m=[39m [34mquery[39m(
    [90m170| [39m      notificationsRef[33m,[39m
[90m [2m❯[22m integracion/servicios-nuevos.test.js:[2m346:28[22m[39m

[31m[2m⎯⎯⎯⎯⎯⎯⎯⎯⎯⎯⎯⎯⎯⎯⎯⎯⎯⎯⎯⎯⎯⎯[18/28]⎯[22m[39m

[31m[1m[7m FAIL [27m[22m[39m integracion/servicios-nuevos.test.js[2m > [22mfirestore-extensions.js - Notificaciones[2m > [22mmarkAllNotificationsAsRead[2m > [22mmaneja cuando no hay notificaciones no leídas
[31m[1mReferenceError[22m: collection is not defined[39m
[36m [2m❯[22m Module.markAllNotificationsAsRead ../src/services/firestore-extensions.js:[2m168:30[22m[39m
    [90m166| [39m[35mexport[39m [35masync[39m [35mfunction[39m [34mmarkAllNotificationsAsRead[39m(userId) {
    [90m167| [39m  [35mtry[39m {
    [90m168| [39m    [35mconst[39m notificationsRef [33m=[39m [34mcollection[39m(db[33m,[39m [32m'notifications'[39m)[33m;[39m
    [90m   | [39m                             [31m^[39m
    [90m169| [39m    [35mconst[39m q [33m=[39m [34mquery[39m(
    [90m170| [39m      notificationsRef[33m,[39m
[90m [2m❯[22m integracion/servicios-nuevos.test.js:[2m362:28[22m[39m

[31m[2m⎯⎯⎯⎯⎯⎯⎯⎯⎯⎯⎯⎯⎯⎯⎯⎯⎯⎯⎯⎯⎯⎯[19/28]⎯[22m[39m

[31m[1m[7m FAIL [27m[22m[39m integracion/servicios-nuevos.test.js[2m > [22mfirestore-extensions.js - Notificaciones[2m > [22mdeleteNotification[2m > [22melimina una notificación
[31m[1mReferenceError[22m: deleteDoc is not defined[39m
[36m [2m❯[22m Module.deleteNotification ../src/services/firestore-extensions.js:[2m193:5[22m[39m
    [90m191| [39m[35mexport[39m [35masync[39m [35mfunction[39m [34mdeleteNotification[39m(notificationId) {
    [90m192| [39m  [35mtry[39m {
    [90m193| [39m    [35mawait[39m [34mdeleteDoc[39m([34mdoc[39m(db[33m,[39m [32m'notifications'[39m[33m,[39m notificationId))[33m;[39m
    [90m   | [39m    [31m^[39m
    [90m194| [39m    [35mreturn[39m { success[33m:[39m [35mtrue[39m }[33m;[39m
    [90m195| [39m  } [35mcatch[39m (error) {
[90m [2m❯[22m integracion/servicios-nuevos.test.js:[2m374:28[22m[39m

[31m[2m⎯⎯⎯⎯⎯⎯⎯⎯⎯⎯⎯⎯⎯⎯⎯⎯⎯⎯⎯⎯⎯⎯[20/28]⎯[22m[39m

[31m[1m[7m FAIL [27m[22m[39m integracion/servicios-nuevos.test.js[2m > [22mfirestore-extensions.js - Notificaciones[2m > [22mdeleteNotification[2m > [22mmaneja errores al eliminar
[31m[1mAssertionError[22m: expected [Function] to throw error including 'Delete error' but got 'deleteDoc is not defined'[39m

[32m- Expected[39m
[31m+ Received[39m

[32m- Delete error[39m
[31m+ deleteDoc is not defined[39m

[31m[2m⎯⎯⎯⎯⎯⎯⎯⎯⎯⎯⎯⎯⎯⎯⎯⎯⎯⎯⎯⎯⎯⎯[21/28]⎯[22m[39m

[31m[1m[7m FAIL [27m[22m[39m integracion/servicios-nuevos.test.js[2m > [22mFlujos Combinados - Mapa y Notificaciones[2m > [22mflujo completo: conquistar departamento y notificar
[31m[1mReferenceError[22m: doc is not defined[39m
[36m [2m❯[22m Module.getUserConquestProgress ../src/services/firestore-extensions.js:[2m62:21[22m[39m
    [90m 60| [39m[35mexport[39m [35masync[39m [35mfunction[39m [34mgetUserConquestProgress[39m(uid) {
    [90m 61| [39m  [35mtry[39m {
    [90m 62| [39m    [35mconst[39m userRef [33m=[39m [34mdoc[39m(db[33m,[39m [32m'users'[39m[33m,[39m uid)[33m;[39m
    [90m   | [39m                    [31m^[39m
    [90m 63| [39m    [35mconst[39m userSnap [33m=[39m [35mawait[39m [34mgetDoc[39m(userRef)[33m;[39m
    [90m 64| [39m
[90m [2m❯[22m integracion/servicios-nuevos.test.js:[2m422:28[22m[39m

[31m[2m⎯⎯⎯⎯⎯⎯⎯⎯⎯⎯⎯⎯⎯⎯⎯⎯⎯⎯⎯⎯⎯⎯[22/28]⎯[22m[39m

[31m[1m[7m FAIL [27m[22m[39m integracion/servicios-nuevos.test.js[2m > [22mFlujos Combinados - Mapa y Notificaciones[2m > [22mflujo completo: obtener notificaciones y marcar como leídas
[31m[1mReferenceError[22m: collection is not defined[39m
[36m [2m❯[22m Module.getUserNotifications ../src/services/firestore-extensions.js:[2m106:30[22m[39m
    [90m104| [39m[35mexport[39m [35masync[39m [35mfunction[39m [34mgetUserNotifications[39m(uid[33m,[39m limitCount [33m=[39m [34m50[39m) {
    [90m105| [39m  [35mtry[39m {
    [90m106| [39m    [35mconst[39m notificationsRef [33m=[39m [34mcollection[39m(db[33m,[39m [32m'notifications'[39m)[33m;[39m
    [90m   | [39m                             [31m^[39m
    [90m107| [39m    [35mconst[39m q [33m=[39m [34mquery[39m(
    [90m108| [39m      notificationsRef[33m,[39m
[90m [2m❯[22m integracion/servicios-nuevos.test.js:[2m465:34[22m[39m

[31m[2m⎯⎯⎯⎯⎯⎯⎯⎯⎯⎯⎯⎯⎯⎯⎯⎯⎯⎯⎯⎯⎯⎯[23/28]⎯[22m[39m

[31m[1m[7m FAIL [27m[22m[39m unitarios/componentes-nuevos.test.jsx[2m > [22mMap.jsx - Mapa de Conquista[2m > [22mrenderiza el título del mapa correctamente
[31m[1m[7m FAIL [27m[22m[39m unitarios/componentes-nuevos.test.jsx[2m > [22mTrade.jsx - Mercado de Trueques[2m > [22mrenderiza el título del mercado correctamente
[31m[1m[7m FAIL [27m[22m[39m unitarios/componentes-nuevos.test.jsx[2m > [22mNotifications.jsx - Centro de Avisos[2m > [22mrenderiza el título del centro de avisos
[31m[1m[7m FAIL [27m[22m[39m unitarios/componentes-nuevos.test.jsx[2m > [22mChallenge.jsx - Configuración del Duelo[2m > [22mrenderiza la configuración del duelo
[31m[1mTypeError[22m: Cannot read properties of null (reading 'useRef')[39m
[90m [2m❯[22m Module.process.env.NODE_ENV.exports.useRef ../node_modules/react/cjs/react.development.js:[2m1260:33[22m[39m
[90m [2m❯[22m MemoryRouter ../../../Nueva%20carpeta/Nicaquizz/node_modules/react-router/dist/development/chunk-UVKPFVEO.mjs:[2m6639:27[22m[39m
[90m [2m❯[22m renderWithHooks node_modules/react-dom/cjs/react-dom.development.js:[2m15486:18[22m[39m
[90m [2m❯[22m mountIndeterminateComponent node_modules/react-dom/cjs/react-dom.development.js:[2m20103:13[22m[39m
[90m [2m❯[22m beginWork node_modules/react-dom/cjs/react-dom.development.js:[2m21626:16[22m[39m
[90m [2m❯[22m beginWork$1 node_modules/react-dom/cjs/react-dom.development.js:[2m27465:14[22m[39m
[90m [2m❯[22m performUnitOfWork node_modules/react-dom/cjs/react-dom.development.js:[2m26599:12[22m[39m
[90m [2m❯[22m workLoopSync node_modules/react-dom/cjs/react-dom.development.js:[2m26505:5[22m[39m
[90m [2m❯[22m renderRootSync node_modules/react-dom/cjs/react-dom.development.js:[2m26473:7[22m[39m
[90m [2m❯[22m recoverFromConcurrentError node_modules/react-dom/cjs/react-dom.development.js:[2m25889:20[22m[39m

[31m[2m⎯⎯⎯⎯⎯⎯⎯⎯⎯⎯⎯⎯⎯⎯⎯⎯⎯⎯⎯⎯⎯⎯[24/28]⎯[22m[39m

[2m Test Files [22m [1m[31m2 failed[39m[22m[2m | [22m[1m[32m4 passed[39m[22m[90m (6)[39m
[2m      Tests [22m [1m[31m28 failed[39m[22m[2m | [22m[1m[32m93 passed[39m[22m[90m (121)[39m
[2m   Start at [22m 12:26:59
[2m   Duration [22m 4.95s[2m (transform 653ms, setup 2.57s, collect 1.70s, tests 522ms, environment 11.29s, prepare 5.84s)[22m

